8.1.1 19-08-2025 22:28:48 Starting new session. Mods: examplemod 
8.1.1 19-08-2025 22:29:08 MAJOR: null: Loading language: es_mx
8.1.1 19-08-2025 22:29:08 MAJOR: null: LanguageData loaded: es_mx. Wand invitem name: Wand of Summoning
8.1.1 19-08-2025 22:50:52 Starting new session. Mods: examplemod 
8.1.1 19-08-2025 22:51:24 MAJOR: null: Loading language: es_mx
8.1.1 19-08-2025 22:51:25 MAJOR: null: LanguageData loaded: es_mx. Wand invitem name: Wand of Summoning
8.1.1 19-08-2025 23:09:49 Starting new session. Mods: examplemod 
8.1.1 19-08-2025 23:10:23 MAJOR: null: Loading language: es_mx
8.1.1 19-08-2025 23:10:23 MAJOR: null: LanguageData loaded: es_mx. Wand invitem name: Wand of Summoning
8.1.1 19-08-2025 23:21:22 MAJOR: null: Loading language: es_es
8.1.1 19-08-2025 23:21:22 MAJOR: null: LanguageData loaded: es_es. Wand invitem name: Varita de Invocación
8.1.1 20-08-2025 00:48:39 Starting new session. Mods: examplemod 
8.1.1 20-08-2025 00:49:19 MAJOR: null: Loading language: es_es
8.1.1 20-08-2025 00:49:20 MAJOR: null: LanguageData loaded: es_es. Wand invitem name: Varita de Invocación
8.1.1 20-08-2025 13:58:06 Starting new session. Mods: examplemod 
8.1.1 20-08-2025 13:58:54 MAJOR: null: Loading language: es_es
8.1.1 20-08-2025 13:58:56 MAJOR: null: LanguageData loaded: es_es. Wand invitem name: Varita de Invocación
8.1.1 20-08-2025 14:57:26 Starting new session. Mods: examplemod 
8.1.1 20-08-2025 14:58:11 MAJOR: null: Loading language: es_es
8.1.1 20-08-2025 14:58:11 MAJOR: null: LanguageData loaded: es_es. Wand invitem name: Varita de Invocación
8.1.1 20-08-2025 18:57:03 Starting new session. Mods: examplemod 
8.1.1 20-08-2025 18:57:54 MAJOR: null: Loading language: es_es
8.1.1 20-08-2025 18:57:56 MAJOR: null: LanguageData loaded: es_es. Wand invitem name: Varita de Invocación
8.1.1 20-08-2025 19:38:24 Exception when finding JPS path:
8.1.1 20-08-2025 19:38:24 org.millenaire.common.utilities.ThreadSafeUtilities$ChunkAccessException: Attempting to access a coordinate in an unloaded chunk within a thread in a server world at 902/2091.
	at org.millenaire.common.utilities.ThreadSafeUtilities.validateCoords(ThreadSafeUtilities.java:81)
	at org.millenaire.common.utilities.ThreadSafeUtilities.getBlockState(ThreadSafeUtilities.java:44)
	at org.millenaire.common.pathing.atomicstryker.AStarStatic.isPassableBlock(AStarStatic.java:152)
	at org.millenaire.common.pathing.atomicstryker.AStarStatic.translateAStarPathtoPathEntity(AStarStatic.java:302)
	at org.millenaire.common.entity.MillVillager.applyPathCalculatedSinceLastTick(MillVillager.java:441)
	at org.millenaire.common.entity.MillVillager.func_70071_h_(MillVillager.java:2347)
	at net.minecraft.world.World.func_72866_a(World.java:1996)
	at net.minecraft.world.WorldServer.func_72866_a(WorldServer.java:832)
	at net.minecraft.world.World.func_72870_g(World.java:1958)
	at net.minecraft.world.World.func_72939_s(World.java:1762)
	at net.minecraft.world.WorldServer.func_72939_s(WorldServer.java:613)
	at net.minecraft.server.MinecraftServer.func_71190_q(MinecraftServer.java:767)
	at net.minecraft.server.MinecraftServer.func_71217_p(MinecraftServer.java:668)
	at net.minecraft.server.integrated.IntegratedServer.func_71217_p(IntegratedServer.java:252)
	at net.minecraft.server.MinecraftServer.run(MinecraftServer.java:526)
	at java.lang.Thread.run(Thread.java:748)

8.1.1 20-08-2025 22:05:09 Starting new session. Mods: examplemod 
8.1.1 20-08-2025 22:05:54 MAJOR: null: Loading language: es_es
8.1.1 20-08-2025 22:05:54 MAJOR: null: LanguageData loaded: es_es. Wand invitem name: Varita de Invocación
8.1.1 20-08-2025 22:13:40 Starting new session. Mods: examplemod 
8.1.1 20-08-2025 22:14:27 MAJOR: null: Loading language: es_es
8.1.1 20-08-2025 22:14:28 MAJOR: null: LanguageData loaded: es_es. Wand invitem name: Varita de Invocación
8.1.1 20-08-2025 22:29:48 MAJOR: null: Loading language: es_mx
8.1.1 20-08-2025 22:29:48 MAJOR: null: LanguageData loaded: es_mx. Wand invitem name: Wand of Summoning
8.1.1 20-08-2025 23:15:16 Starting new session. Mods: examplemod 
8.1.1 20-08-2025 23:16:04 MAJOR: null: Loading language: es_mx
8.1.1 20-08-2025 23:16:05 MAJOR: null: LanguageData loaded: es_mx. Wand invitem name: Wand of Summoning
8.1.1 20-08-2025 23:54:13 Exception while handling key presses:
8.1.1 20-08-2025 23:54:13 java.lang.IndexOutOfBoundsException
	at java.nio.Buffer.checkIndex(Buffer.java:540)
	at java.nio.DirectByteBuffer.get(DirectByteBuffer.java:253)
	at org.lwjgl.input.Keyboard.isKeyDown(Keyboard.java:407)
	at org.millenaire.client.MillClientUtilities.handleKeyPress(MillClientUtilities.java:382)
	at org.millenaire.client.forge.ClientProxy.handleClientGameUpdate(ClientProxy.java:179)
	at org.millenaire.client.forge.ClientTickHandler.tickStart(ClientTickHandler.java:32)
	at net.minecraftforge.fml.common.eventhandler.ASMEventHandler_1044_ClientTickHandler_tickStart_ClientTickEvent.invoke(.dynamic)
	at net.minecraftforge.fml.common.eventhandler.ASMEventHandler.invoke(ASMEventHandler.java:90)
	at net.minecraftforge.fml.common.eventhandler.EventBus.post(EventBus.java:182)
	at net.minecraftforge.fml.common.FMLCommonHandler.onPostClientTick(FMLCommonHandler.java:349)
	at net.minecraft.client.Minecraft.func_71407_l(Minecraft.java:1911)
	at net.minecraft.client.Minecraft.func_71411_J(Minecraft.java:1098)
	at net.minecraft.client.Minecraft.func_99999_d(Minecraft.java:398)
	at net.minecraft.client.main.Main.main(SourceFile:123)
	at sun.reflect.NativeMethodAccessorImpl.invoke0(Native Method)
	at sun.reflect.NativeMethodAccessorImpl.invoke(NativeMethodAccessorImpl.java:62)
	at sun.reflect.DelegatingMethodAccessorImpl.invoke(DelegatingMethodAccessorImpl.java:43)
	at java.lang.reflect.Method.invoke(Method.java:498)
	at net.minecraft.launchwrapper.Launch.launch(Launch.java:135)
	at net.minecraft.launchwrapper.Launch.main(Launch.java:28)

8.1.1 20-08-2025 23:54:13 Exception while handling key presses:
8.1.1 20-08-2025 23:54:13 java.lang.IndexOutOfBoundsException
	at java.nio.Buffer.checkIndex(Buffer.java:540)
	at java.nio.DirectByteBuffer.get(DirectByteBuffer.java:253)
	at org.lwjgl.input.Keyboard.isKeyDown(Keyboard.java:407)
	at org.millenaire.client.MillClientUtilities.handleKeyPress(MillClientUtilities.java:382)
	at org.millenaire.client.forge.ClientProxy.handleClientGameUpdate(ClientProxy.java:179)
	at org.millenaire.client.forge.ClientTickHandler.tickStart(ClientTickHandler.java:32)
	at net.minecraftforge.fml.common.eventhandler.ASMEventHandler_1044_ClientTickHandler_tickStart_ClientTickEvent.invoke(.dynamic)
	at net.minecraftforge.fml.common.eventhandler.ASMEventHandler.invoke(ASMEventHandler.java:90)
	at net.minecraftforge.fml.common.eventhandler.EventBus.post(EventBus.java:182)
	at net.minecraftforge.fml.common.FMLCommonHandler.onPreClientTick(FMLCommonHandler.java:344)
	at net.minecraft.client.Minecraft.func_71407_l(Minecraft.java:1708)
	at net.minecraft.client.Minecraft.func_71411_J(Minecraft.java:1098)
	at net.minecraft.client.Minecraft.func_99999_d(Minecraft.java:398)
	at net.minecraft.client.main.Main.main(SourceFile:123)
	at sun.reflect.NativeMethodAccessorImpl.invoke0(Native Method)
	at sun.reflect.NativeMethodAccessorImpl.invoke(NativeMethodAccessorImpl.java:62)
	at sun.reflect.DelegatingMethodAccessorImpl.invoke(DelegatingMethodAccessorImpl.java:43)
	at java.lang.reflect.Method.invoke(Method.java:498)
	at net.minecraft.launchwrapper.Launch.launch(Launch.java:135)
	at net.minecraft.launchwrapper.Launch.main(Launch.java:28)

8.1.1 20-08-2025 23:54:13 Exception while handling key presses:
8.1.1 20-08-2025 23:54:13 java.lang.IndexOutOfBoundsException
	at java.nio.Buffer.checkIndex(Buffer.java:540)
	at java.nio.DirectByteBuffer.get(DirectByteBuffer.java:253)
	at org.lwjgl.input.Keyboard.isKeyDown(Keyboard.java:407)
	at org.millenaire.client.MillClientUtilities.handleKeyPress(MillClientUtilities.java:382)
	at org.millenaire.client.forge.ClientProxy.handleClientGameUpdate(ClientProxy.java:179)
	at org.millenaire.client.forge.ClientTickHandler.tickStart(ClientTickHandler.java:32)
	at net.minecraftforge.fml.common.eventhandler.ASMEventHandler_1044_ClientTickHandler_tickStart_ClientTickEvent.invoke(.dynamic)
	at net.minecraftforge.fml.common.eventhandler.ASMEventHandler.invoke(ASMEventHandler.java:90)
	at net.minecraftforge.fml.common.eventhandler.EventBus.post(EventBus.java:182)
	at net.minecraftforge.fml.common.FMLCommonHandler.onPostClientTick(FMLCommonHandler.java:349)
	at net.minecraft.client.Minecraft.func_71407_l(Minecraft.java:1911)
	at net.minecraft.client.Minecraft.func_71411_J(Minecraft.java:1098)
	at net.minecraft.client.Minecraft.func_99999_d(Minecraft.java:398)
	at net.minecraft.client.main.Main.main(SourceFile:123)
	at sun.reflect.NativeMethodAccessorImpl.invoke0(Native Method)
	at sun.reflect.NativeMethodAccessorImpl.invoke(NativeMethodAccessorImpl.java:62)
	at sun.reflect.DelegatingMethodAccessorImpl.invoke(DelegatingMethodAccessorImpl.java:43)
	at java.lang.reflect.Method.invoke(Method.java:498)
	at net.minecraft.launchwrapper.Launch.launch(Launch.java:135)
	at net.minecraft.launchwrapper.Launch.main(Launch.java:28)

8.1.1 20-08-2025 23:54:13 Exception while handling key presses:
8.1.1 20-08-2025 23:54:13 java.lang.IndexOutOfBoundsException
	at java.nio.Buffer.checkIndex(Buffer.java:540)
	at java.nio.DirectByteBuffer.get(DirectByteBuffer.java:253)
	at org.lwjgl.input.Keyboard.isKeyDown(Keyboard.java:407)
	at org.millenaire.client.MillClientUtilities.handleKeyPress(MillClientUtilities.java:382)
	at org.millenaire.client.forge.ClientProxy.handleClientGameUpdate(ClientProxy.java:179)
	at org.millenaire.client.forge.ClientTickHandler.tickStart(ClientTickHandler.java:32)
	at net.minecraftforge.fml.common.eventhandler.ASMEventHandler_1044_ClientTickHandler_tickStart_ClientTickEvent.invoke(.dynamic)
	at net.minecraftforge.fml.common.eventhandler.ASMEventHandler.invoke(ASMEventHandler.java:90)
	at net.minecraftforge.fml.common.eventhandler.EventBus.post(EventBus.java:182)
	at net.minecraftforge.fml.common.FMLCommonHandler.onPreClientTick(FMLCommonHandler.java:344)
	at net.minecraft.client.Minecraft.func_71407_l(Minecraft.java:1708)
	at net.minecraft.client.Minecraft.func_71411_J(Minecraft.java:1098)
	at net.minecraft.client.Minecraft.func_99999_d(Minecraft.java:398)
	at net.minecraft.client.main.Main.main(SourceFile:123)
	at sun.reflect.NativeMethodAccessorImpl.invoke0(Native Method)
	at sun.reflect.NativeMethodAccessorImpl.invoke(NativeMethodAccessorImpl.java:62)
	at sun.reflect.DelegatingMethodAccessorImpl.invoke(DelegatingMethodAccessorImpl.java:43)
	at java.lang.reflect.Method.invoke(Method.java:498)
	at net.minecraft.launchwrapper.Launch.launch(Launch.java:135)
	at net.minecraft.launchwrapper.Launch.main(Launch.java:28)

8.1.1 20-08-2025 23:54:13 Exception while handling key presses:
8.1.1 20-08-2025 23:54:13 java.lang.IndexOutOfBoundsException
	at java.nio.Buffer.checkIndex(Buffer.java:540)
	at java.nio.DirectByteBuffer.get(DirectByteBuffer.java:253)
	at org.lwjgl.input.Keyboard.isKeyDown(Keyboard.java:407)
	at org.millenaire.client.MillClientUtilities.handleKeyPress(MillClientUtilities.java:382)
	at org.millenaire.client.forge.ClientProxy.handleClientGameUpdate(ClientProxy.java:179)
	at org.millenaire.client.forge.ClientTickHandler.tickStart(ClientTickHandler.java:32)
	at net.minecraftforge.fml.common.eventhandler.ASMEventHandler_1044_ClientTickHandler_tickStart_ClientTickEvent.invoke(.dynamic)
	at net.minecraftforge.fml.common.eventhandler.ASMEventHandler.invoke(ASMEventHandler.java:90)
	at net.minecraftforge.fml.common.eventhandler.EventBus.post(EventBus.java:182)
	at net.minecraftforge.fml.common.FMLCommonHandler.onPostClientTick(FMLCommonHandler.java:349)
	at net.minecraft.client.Minecraft.func_71407_l(Minecraft.java:1911)
	at net.minecraft.client.Minecraft.func_71411_J(Minecraft.java:1098)
	at net.minecraft.client.Minecraft.func_99999_d(Minecraft.java:398)
	at net.minecraft.client.main.Main.main(SourceFile:123)
	at sun.reflect.NativeMethodAccessorImpl.invoke0(Native Method)
	at sun.reflect.NativeMethodAccessorImpl.invoke(NativeMethodAccessorImpl.java:62)
	at sun.reflect.DelegatingMethodAccessorImpl.invoke(DelegatingMethodAccessorImpl.java:43)
	at java.lang.reflect.Method.invoke(Method.java:498)
	at net.minecraft.launchwrapper.Launch.launch(Launch.java:135)
	at net.minecraft.launchwrapper.Launch.main(Launch.java:28)

8.1.1 20-08-2025 23:54:13 Repeat exception x6: Exception while handling key presses: @ java.nio.Buffer.checkIndex(Buffer.java:540)
8.1.1 20-08-2025 23:54:13 Repeat exception x7: Exception while handling key presses: @ java.nio.Buffer.checkIndex(Buffer.java:540)
8.1.1 20-08-2025 23:54:14 Repeat exception x8: Exception while handling key presses: @ java.nio.Buffer.checkIndex(Buffer.java:540)
8.1.1 20-08-2025 23:54:14 Repeat exception x9: Exception while handling key presses: @ java.nio.Buffer.checkIndex(Buffer.java:540)
8.1.1 20-08-2025 23:54:14 Repeat exception x10: Exception while handling key presses: @ java.nio.Buffer.checkIndex(Buffer.java:540)
8.1.1 20-08-2025 23:54:14 Repeat exception x11: Exception while handling key presses: @ java.nio.Buffer.checkIndex(Buffer.java:540)
8.1.1 20-08-2025 23:54:14 Repeat exception x12: Exception while handling key presses: @ java.nio.Buffer.checkIndex(Buffer.java:540)
8.1.1 20-08-2025 23:54:14 Repeat exception x13: Exception while handling key presses: @ java.nio.Buffer.checkIndex(Buffer.java:540)
8.1.1 20-08-2025 23:54:14 Repeat exception x14: Exception while handling key presses: @ java.nio.Buffer.checkIndex(Buffer.java:540)
8.1.1 20-08-2025 23:54:14 Repeat exception x15: Exception while handling key presses: @ java.nio.Buffer.checkIndex(Buffer.java:540)
8.1.1 20-08-2025 23:54:14 Repeat exception x16: Exception while handling key presses: @ java.nio.Buffer.checkIndex(Buffer.java:540)
8.1.1 20-08-2025 23:54:14 Repeat exception x17: Exception while handling key presses: @ java.nio.Buffer.checkIndex(Buffer.java:540)
8.1.1 20-08-2025 23:54:14 Repeat exception x18: Exception while handling key presses: @ java.nio.Buffer.checkIndex(Buffer.java:540)
8.1.1 20-08-2025 23:54:14 Repeat exception x19: Exception while handling key presses: @ java.nio.Buffer.checkIndex(Buffer.java:540)
8.1.1 20-08-2025 23:54:14 Repeat exception x20: Exception while handling key presses: @ java.nio.Buffer.checkIndex(Buffer.java:540). This error will no longer be logged in this session.
8.1.1 20-08-2025 23:54:15 Exception while handling key presses:
8.1.1 20-08-2025 23:54:15 java.lang.IndexOutOfBoundsException: 299
	at java.nio.DirectByteBuffer.get(DirectByteBuffer.java:253)
	at org.lwjgl.input.Keyboard.isKeyDown(Keyboard.java:407)
	at org.millenaire.client.MillClientUtilities.handleKeyPress(MillClientUtilities.java:382)
	at org.millenaire.client.forge.ClientProxy.handleClientGameUpdate(ClientProxy.java:179)
	at org.millenaire.client.forge.ClientTickHandler.tickStart(ClientTickHandler.java:32)
	at net.minecraftforge.fml.common.eventhandler.ASMEventHandler_1044_ClientTickHandler_tickStart_ClientTickEvent.invoke(.dynamic)
	at net.minecraftforge.fml.common.eventhandler.ASMEventHandler.invoke(ASMEventHandler.java:90)
	at net.minecraftforge.fml.common.eventhandler.EventBus.post(EventBus.java:182)
	at net.minecraftforge.fml.common.FMLCommonHandler.onPreClientTick(FMLCommonHandler.java:344)
	at net.minecraft.client.Minecraft.func_71407_l(Minecraft.java:1708)
	at net.minecraft.client.Minecraft.func_71411_J(Minecraft.java:1098)
	at net.minecraft.client.Minecraft.func_99999_d(Minecraft.java:398)
	at net.minecraft.client.main.Main.main(SourceFile:123)
	at sun.reflect.NativeMethodAccessorImpl.invoke0(Native Method)
	at sun.reflect.NativeMethodAccessorImpl.invoke(NativeMethodAccessorImpl.java:62)
	at sun.reflect.DelegatingMethodAccessorImpl.invoke(DelegatingMethodAccessorImpl.java:43)
	at java.lang.reflect.Method.invoke(Method.java:498)
	at net.minecraft.launchwrapper.Launch.launch(Launch.java:135)
	at net.minecraft.launchwrapper.Launch.main(Launch.java:28)

8.1.1 20-08-2025 23:54:15 Exception while handling key presses:
8.1.1 20-08-2025 23:54:15 java.lang.IndexOutOfBoundsException: 299
	at java.nio.DirectByteBuffer.get(DirectByteBuffer.java:253)
	at org.lwjgl.input.Keyboard.isKeyDown(Keyboard.java:407)
	at org.millenaire.client.MillClientUtilities.handleKeyPress(MillClientUtilities.java:382)
	at org.millenaire.client.forge.ClientProxy.handleClientGameUpdate(ClientProxy.java:179)
	at org.millenaire.client.forge.ClientTickHandler.tickStart(ClientTickHandler.java:32)
	at net.minecraftforge.fml.common.eventhandler.ASMEventHandler_1044_ClientTickHandler_tickStart_ClientTickEvent.invoke(.dynamic)
	at net.minecraftforge.fml.common.eventhandler.ASMEventHandler.invoke(ASMEventHandler.java:90)
	at net.minecraftforge.fml.common.eventhandler.EventBus.post(EventBus.java:182)
	at net.minecraftforge.fml.common.FMLCommonHandler.onPostClientTick(FMLCommonHandler.java:349)
	at net.minecraft.client.Minecraft.func_71407_l(Minecraft.java:1911)
	at net.minecraft.client.Minecraft.func_71411_J(Minecraft.java:1098)
	at net.minecraft.client.Minecraft.func_99999_d(Minecraft.java:398)
	at net.minecraft.client.main.Main.main(SourceFile:123)
	at sun.reflect.NativeMethodAccessorImpl.invoke0(Native Method)
	at sun.reflect.NativeMethodAccessorImpl.invoke(NativeMethodAccessorImpl.java:62)
	at sun.reflect.DelegatingMethodAccessorImpl.invoke(DelegatingMethodAccessorImpl.java:43)
	at java.lang.reflect.Method.invoke(Method.java:498)
	at net.minecraft.launchwrapper.Launch.launch(Launch.java:135)
	at net.minecraft.launchwrapper.Launch.main(Launch.java:28)

8.1.1 20-08-2025 23:54:15 Exception while handling key presses:
8.1.1 20-08-2025 23:54:15 java.lang.IndexOutOfBoundsException: 299
	at java.nio.DirectByteBuffer.get(DirectByteBuffer.java:253)
	at org.lwjgl.input.Keyboard.isKeyDown(Keyboard.java:407)
	at org.millenaire.client.MillClientUtilities.handleKeyPress(MillClientUtilities.java:382)
	at org.millenaire.client.forge.ClientProxy.handleClientGameUpdate(ClientProxy.java:179)
	at org.millenaire.client.forge.ClientTickHandler.tickStart(ClientTickHandler.java:32)
	at net.minecraftforge.fml.common.eventhandler.ASMEventHandler_1044_ClientTickHandler_tickStart_ClientTickEvent.invoke(.dynamic)
	at net.minecraftforge.fml.common.eventhandler.ASMEventHandler.invoke(ASMEventHandler.java:90)
	at net.minecraftforge.fml.common.eventhandler.EventBus.post(EventBus.java:182)
	at net.minecraftforge.fml.common.FMLCommonHandler.onPreClientTick(FMLCommonHandler.java:344)
	at net.minecraft.client.Minecraft.func_71407_l(Minecraft.java:1708)
	at net.minecraft.client.Minecraft.func_71411_J(Minecraft.java:1098)
	at net.minecraft.client.Minecraft.func_99999_d(Minecraft.java:398)
	at net.minecraft.client.main.Main.main(SourceFile:123)
	at sun.reflect.NativeMethodAccessorImpl.invoke0(Native Method)
	at sun.reflect.NativeMethodAccessorImpl.invoke(NativeMethodAccessorImpl.java:62)
	at sun.reflect.DelegatingMethodAccessorImpl.invoke(DelegatingMethodAccessorImpl.java:43)
	at java.lang.reflect.Method.invoke(Method.java:498)
	at net.minecraft.launchwrapper.Launch.launch(Launch.java:135)
	at net.minecraft.launchwrapper.Launch.main(Launch.java:28)

8.1.1 20-08-2025 23:54:15 Exception while handling key presses:
8.1.1 20-08-2025 23:54:15 java.lang.IndexOutOfBoundsException: 299
	at java.nio.DirectByteBuffer.get(DirectByteBuffer.java:253)
	at org.lwjgl.input.Keyboard.isKeyDown(Keyboard.java:407)
	at org.millenaire.client.MillClientUtilities.handleKeyPress(MillClientUtilities.java:382)
	at org.millenaire.client.forge.ClientProxy.handleClientGameUpdate(ClientProxy.java:179)
	at org.millenaire.client.forge.ClientTickHandler.tickStart(ClientTickHandler.java:32)
	at net.minecraftforge.fml.common.eventhandler.ASMEventHandler_1044_ClientTickHandler_tickStart_ClientTickEvent.invoke(.dynamic)
	at net.minecraftforge.fml.common.eventhandler.ASMEventHandler.invoke(ASMEventHandler.java:90)
	at net.minecraftforge.fml.common.eventhandler.EventBus.post(EventBus.java:182)
	at net.minecraftforge.fml.common.FMLCommonHandler.onPostClientTick(FMLCommonHandler.java:349)
	at net.minecraft.client.Minecraft.func_71407_l(Minecraft.java:1911)
	at net.minecraft.client.Minecraft.func_71411_J(Minecraft.java:1098)
	at net.minecraft.client.Minecraft.func_99999_d(Minecraft.java:398)
	at net.minecraft.client.main.Main.main(SourceFile:123)
	at sun.reflect.NativeMethodAccessorImpl.invoke0(Native Method)
	at sun.reflect.NativeMethodAccessorImpl.invoke(NativeMethodAccessorImpl.java:62)
	at sun.reflect.DelegatingMethodAccessorImpl.invoke(DelegatingMethodAccessorImpl.java:43)
	at java.lang.reflect.Method.invoke(Method.java:498)
	at net.minecraft.launchwrapper.Launch.launch(Launch.java:135)
	at net.minecraft.launchwrapper.Launch.main(Launch.java:28)

8.1.1 20-08-2025 23:54:15 Exception while handling key presses:
8.1.1 20-08-2025 23:54:15 java.lang.IndexOutOfBoundsException: 299
	at java.nio.DirectByteBuffer.get(DirectByteBuffer.java:253)
	at org.lwjgl.input.Keyboard.isKeyDown(Keyboard.java:407)
	at org.millenaire.client.MillClientUtilities.handleKeyPress(MillClientUtilities.java:382)
	at org.millenaire.client.forge.ClientProxy.handleClientGameUpdate(ClientProxy.java:179)
	at org.millenaire.client.forge.ClientTickHandler.tickStart(ClientTickHandler.java:32)
	at net.minecraftforge.fml.common.eventhandler.ASMEventHandler_1044_ClientTickHandler_tickStart_ClientTickEvent.invoke(.dynamic)
	at net.minecraftforge.fml.common.eventhandler.ASMEventHandler.invoke(ASMEventHandler.java:90)
	at net.minecraftforge.fml.common.eventhandler.EventBus.post(EventBus.java:182)
	at net.minecraftforge.fml.common.FMLCommonHandler.onPreClientTick(FMLCommonHandler.java:344)
	at net.minecraft.client.Minecraft.func_71407_l(Minecraft.java:1708)
	at net.minecraft.client.Minecraft.func_71411_J(Minecraft.java:1098)
	at net.minecraft.client.Minecraft.func_99999_d(Minecraft.java:398)
	at net.minecraft.client.main.Main.main(SourceFile:123)
	at sun.reflect.NativeMethodAccessorImpl.invoke0(Native Method)
	at sun.reflect.NativeMethodAccessorImpl.invoke(NativeMethodAccessorImpl.java:62)
	at sun.reflect.DelegatingMethodAccessorImpl.invoke(DelegatingMethodAccessorImpl.java:43)
	at java.lang.reflect.Method.invoke(Method.java:498)
	at net.minecraft.launchwrapper.Launch.launch(Launch.java:135)
	at net.minecraft.launchwrapper.Launch.main(Launch.java:28)

8.1.1 20-08-2025 23:54:15 Repeat exception x6: Exception while handling key presses: - 299 @ java.nio.DirectByteBuffer.get(DirectByteBuffer.java:253)
8.1.1 20-08-2025 23:54:15 Repeat exception x7: Exception while handling key presses: - 299 @ java.nio.DirectByteBuffer.get(DirectByteBuffer.java:253)
8.1.1 20-08-2025 23:54:15 Repeat exception x8: Exception while handling key presses: - 299 @ java.nio.DirectByteBuffer.get(DirectByteBuffer.java:253)
8.1.1 20-08-2025 23:54:15 Repeat exception x9: Exception while handling key presses: - 299 @ java.nio.DirectByteBuffer.get(DirectByteBuffer.java:253)
8.1.1 20-08-2025 23:54:15 Repeat exception x10: Exception while handling key presses: - 299 @ java.nio.DirectByteBuffer.get(DirectByteBuffer.java:253)
8.1.1 20-08-2025 23:54:15 Repeat exception x11: Exception while handling key presses: - 299 @ java.nio.DirectByteBuffer.get(DirectByteBuffer.java:253)
8.1.1 20-08-2025 23:54:15 Repeat exception x12: Exception while handling key presses: - 299 @ java.nio.DirectByteBuffer.get(DirectByteBuffer.java:253)
8.1.1 20-08-2025 23:54:15 Repeat exception x13: Exception while handling key presses: - 299 @ java.nio.DirectByteBuffer.get(DirectByteBuffer.java:253)
8.1.1 20-08-2025 23:54:15 Repeat exception x14: Exception while handling key presses: - 299 @ java.nio.DirectByteBuffer.get(DirectByteBuffer.java:253)
8.1.1 20-08-2025 23:54:15 Repeat exception x15: Exception while handling key presses: - 299 @ java.nio.DirectByteBuffer.get(DirectByteBuffer.java:253)
8.1.1 20-08-2025 23:54:15 Repeat exception x16: Exception while handling key presses: - 299 @ java.nio.DirectByteBuffer.get(DirectByteBuffer.java:253)
8.1.1 20-08-2025 23:54:15 Repeat exception x17: Exception while handling key presses: - 299 @ java.nio.DirectByteBuffer.get(DirectByteBuffer.java:253)
8.1.1 20-08-2025 23:54:15 Repeat exception x18: Exception while handling key presses: - 299 @ java.nio.DirectByteBuffer.get(DirectByteBuffer.java:253)
8.1.1 20-08-2025 23:54:15 Repeat exception x19: Exception while handling key presses: - 299 @ java.nio.DirectByteBuffer.get(DirectByteBuffer.java:253)
8.1.1 20-08-2025 23:54:15 Repeat exception x20: Exception while handling key presses: - 299 @ java.nio.DirectByteBuffer.get(DirectByteBuffer.java:253). This error will no longer be logged in this session.
8.1.1 21-08-2025 00:15:35 Starting new session. Mods: examplemod 
8.1.1 21-08-2025 00:16:28 MAJOR: null: Loading language: es_mx
8.1.1 21-08-2025 00:16:28 MAJOR: null: LanguageData loaded: es_mx. Wand invitem name: Wand of Summoning
8.1.1 21-08-2025 00:17:07 Exception while handling key presses:
8.1.1 21-08-2025 00:17:07 java.lang.IndexOutOfBoundsException: 299
	at java.nio.DirectByteBuffer.get(DirectByteBuffer.java:253)
	at org.lwjgl.input.Keyboard.isKeyDown(Keyboard.java:407)
	at org.millenaire.client.MillClientUtilities.handleKeyPress(MillClientUtilities.java:382)
	at org.millenaire.client.forge.ClientProxy.handleClientGameUpdate(ClientProxy.java:179)
	at org.millenaire.client.forge.ClientTickHandler.tickStart(ClientTickHandler.java:32)
	at net.minecraftforge.fml.common.eventhandler.ASMEventHandler_1044_ClientTickHandler_tickStart_ClientTickEvent.invoke(.dynamic)
	at net.minecraftforge.fml.common.eventhandler.ASMEventHandler.invoke(ASMEventHandler.java:90)
	at net.minecraftforge.fml.common.eventhandler.EventBus.post(EventBus.java:182)
	at net.minecraftforge.fml.common.FMLCommonHandler.onPreClientTick(FMLCommonHandler.java:344)
	at net.minecraft.client.Minecraft.func_71407_l(Minecraft.java:1708)
	at net.minecraft.client.Minecraft.func_71411_J(Minecraft.java:1098)
	at net.minecraft.client.Minecraft.func_99999_d(Minecraft.java:398)
	at net.minecraft.client.main.Main.main(SourceFile:123)
	at sun.reflect.NativeMethodAccessorImpl.invoke0(Native Method)
	at sun.reflect.NativeMethodAccessorImpl.invoke(NativeMethodAccessorImpl.java:62)
	at sun.reflect.DelegatingMethodAccessorImpl.invoke(DelegatingMethodAccessorImpl.java:43)
	at java.lang.reflect.Method.invoke(Method.java:498)
	at net.minecraft.launchwrapper.Launch.launch(Launch.java:135)
	at net.minecraft.launchwrapper.Launch.main(Launch.java:28)

8.1.1 21-08-2025 00:17:07 Exception while handling key presses:
8.1.1 21-08-2025 00:17:07 java.lang.IndexOutOfBoundsException: 299
	at java.nio.DirectByteBuffer.get(DirectByteBuffer.java:253)
	at org.lwjgl.input.Keyboard.isKeyDown(Keyboard.java:407)
	at org.millenaire.client.MillClientUtilities.handleKeyPress(MillClientUtilities.java:382)
	at org.millenaire.client.forge.ClientProxy.handleClientGameUpdate(ClientProxy.java:179)
	at org.millenaire.client.forge.ClientTickHandler.tickStart(ClientTickHandler.java:32)
	at net.minecraftforge.fml.common.eventhandler.ASMEventHandler_1044_ClientTickHandler_tickStart_ClientTickEvent.invoke(.dynamic)
	at net.minecraftforge.fml.common.eventhandler.ASMEventHandler.invoke(ASMEventHandler.java:90)
	at net.minecraftforge.fml.common.eventhandler.EventBus.post(EventBus.java:182)
	at net.minecraftforge.fml.common.FMLCommonHandler.onPostClientTick(FMLCommonHandler.java:349)
	at net.minecraft.client.Minecraft.func_71407_l(Minecraft.java:1911)
	at net.minecraft.client.Minecraft.func_71411_J(Minecraft.java:1098)
	at net.minecraft.client.Minecraft.func_99999_d(Minecraft.java:398)
	at net.minecraft.client.main.Main.main(SourceFile:123)
	at sun.reflect.NativeMethodAccessorImpl.invoke0(Native Method)
	at sun.reflect.NativeMethodAccessorImpl.invoke(NativeMethodAccessorImpl.java:62)
	at sun.reflect.DelegatingMethodAccessorImpl.invoke(DelegatingMethodAccessorImpl.java:43)
	at java.lang.reflect.Method.invoke(Method.java:498)
	at net.minecraft.launchwrapper.Launch.launch(Launch.java:135)
	at net.minecraft.launchwrapper.Launch.main(Launch.java:28)

8.1.1 21-08-2025 00:17:07 Exception while handling key presses:
8.1.1 21-08-2025 00:17:07 java.lang.IndexOutOfBoundsException: 299
	at java.nio.DirectByteBuffer.get(DirectByteBuffer.java:253)
	at org.lwjgl.input.Keyboard.isKeyDown(Keyboard.java:407)
	at org.millenaire.client.MillClientUtilities.handleKeyPress(MillClientUtilities.java:382)
	at org.millenaire.client.forge.ClientProxy.handleClientGameUpdate(ClientProxy.java:179)
	at org.millenaire.client.forge.ClientTickHandler.tickStart(ClientTickHandler.java:32)
	at net.minecraftforge.fml.common.eventhandler.ASMEventHandler_1044_ClientTickHandler_tickStart_ClientTickEvent.invoke(.dynamic)
	at net.minecraftforge.fml.common.eventhandler.ASMEventHandler.invoke(ASMEventHandler.java:90)
	at net.minecraftforge.fml.common.eventhandler.EventBus.post(EventBus.java:182)
	at net.minecraftforge.fml.common.FMLCommonHandler.onPreClientTick(FMLCommonHandler.java:344)
	at net.minecraft.client.Minecraft.func_71407_l(Minecraft.java:1708)
	at net.minecraft.client.Minecraft.func_71411_J(Minecraft.java:1098)
	at net.minecraft.client.Minecraft.func_99999_d(Minecraft.java:398)
	at net.minecraft.client.main.Main.main(SourceFile:123)
	at sun.reflect.NativeMethodAccessorImpl.invoke0(Native Method)
	at sun.reflect.NativeMethodAccessorImpl.invoke(NativeMethodAccessorImpl.java:62)
	at sun.reflect.DelegatingMethodAccessorImpl.invoke(DelegatingMethodAccessorImpl.java:43)
	at java.lang.reflect.Method.invoke(Method.java:498)
	at net.minecraft.launchwrapper.Launch.launch(Launch.java:135)
	at net.minecraft.launchwrapper.Launch.main(Launch.java:28)

8.1.1 21-08-2025 00:17:07 Exception while handling key presses:
8.1.1 21-08-2025 00:17:07 java.lang.IndexOutOfBoundsException: 299
	at java.nio.DirectByteBuffer.get(DirectByteBuffer.java:253)
	at org.lwjgl.input.Keyboard.isKeyDown(Keyboard.java:407)
	at org.millenaire.client.MillClientUtilities.handleKeyPress(MillClientUtilities.java:382)
	at org.millenaire.client.forge.ClientProxy.handleClientGameUpdate(ClientProxy.java:179)
	at org.millenaire.client.forge.ClientTickHandler.tickStart(ClientTickHandler.java:32)
	at net.minecraftforge.fml.common.eventhandler.ASMEventHandler_1044_ClientTickHandler_tickStart_ClientTickEvent.invoke(.dynamic)
	at net.minecraftforge.fml.common.eventhandler.ASMEventHandler.invoke(ASMEventHandler.java:90)
	at net.minecraftforge.fml.common.eventhandler.EventBus.post(EventBus.java:182)
	at net.minecraftforge.fml.common.FMLCommonHandler.onPostClientTick(FMLCommonHandler.java:349)
	at net.minecraft.client.Minecraft.func_71407_l(Minecraft.java:1911)
	at net.minecraft.client.Minecraft.func_71411_J(Minecraft.java:1098)
	at net.minecraft.client.Minecraft.func_99999_d(Minecraft.java:398)
	at net.minecraft.client.main.Main.main(SourceFile:123)
	at sun.reflect.NativeMethodAccessorImpl.invoke0(Native Method)
	at sun.reflect.NativeMethodAccessorImpl.invoke(NativeMethodAccessorImpl.java:62)
	at sun.reflect.DelegatingMethodAccessorImpl.invoke(DelegatingMethodAccessorImpl.java:43)
	at java.lang.reflect.Method.invoke(Method.java:498)
	at net.minecraft.launchwrapper.Launch.launch(Launch.java:135)
	at net.minecraft.launchwrapper.Launch.main(Launch.java:28)

8.1.1 21-08-2025 00:17:07 Exception while handling key presses:
8.1.1 21-08-2025 00:17:07 java.lang.IndexOutOfBoundsException: 299
	at java.nio.DirectByteBuffer.get(DirectByteBuffer.java:253)
	at org.lwjgl.input.Keyboard.isKeyDown(Keyboard.java:407)
	at org.millenaire.client.MillClientUtilities.handleKeyPress(MillClientUtilities.java:382)
	at org.millenaire.client.forge.ClientProxy.handleClientGameUpdate(ClientProxy.java:179)
	at org.millenaire.client.forge.ClientTickHandler.tickStart(ClientTickHandler.java:32)
	at net.minecraftforge.fml.common.eventhandler.ASMEventHandler_1044_ClientTickHandler_tickStart_ClientTickEvent.invoke(.dynamic)
	at net.minecraftforge.fml.common.eventhandler.ASMEventHandler.invoke(ASMEventHandler.java:90)
	at net.minecraftforge.fml.common.eventhandler.EventBus.post(EventBus.java:182)
	at net.minecraftforge.fml.common.FMLCommonHandler.onPreClientTick(FMLCommonHandler.java:344)
	at net.minecraft.client.Minecraft.func_71407_l(Minecraft.java:1708)
	at net.minecraft.client.Minecraft.func_71411_J(Minecraft.java:1098)
	at net.minecraft.client.Minecraft.func_99999_d(Minecraft.java:398)
	at net.minecraft.client.main.Main.main(SourceFile:123)
	at sun.reflect.NativeMethodAccessorImpl.invoke0(Native Method)
	at sun.reflect.NativeMethodAccessorImpl.invoke(NativeMethodAccessorImpl.java:62)
	at sun.reflect.DelegatingMethodAccessorImpl.invoke(DelegatingMethodAccessorImpl.java:43)
	at java.lang.reflect.Method.invoke(Method.java:498)
	at net.minecraft.launchwrapper.Launch.launch(Launch.java:135)
	at net.minecraft.launchwrapper.Launch.main(Launch.java:28)

8.1.1 21-08-2025 00:17:07 Repeat exception x6: Exception while handling key presses: - 299 @ java.nio.DirectByteBuffer.get(DirectByteBuffer.java:253)
8.1.1 21-08-2025 00:17:07 Repeat exception x7: Exception while handling key presses: - 299 @ java.nio.DirectByteBuffer.get(DirectByteBuffer.java:253)
8.1.1 21-08-2025 00:17:07 Repeat exception x8: Exception while handling key presses: - 299 @ java.nio.DirectByteBuffer.get(DirectByteBuffer.java:253)
8.1.1 21-08-2025 00:17:07 Repeat exception x9: Exception while handling key presses: - 299 @ java.nio.DirectByteBuffer.get(DirectByteBuffer.java:253)
8.1.1 21-08-2025 00:17:07 Repeat exception x10: Exception while handling key presses: - 299 @ java.nio.DirectByteBuffer.get(DirectByteBuffer.java:253)
8.1.1 21-08-2025 00:17:07 Repeat exception x11: Exception while handling key presses: - 299 @ java.nio.DirectByteBuffer.get(DirectByteBuffer.java:253)
8.1.1 21-08-2025 00:17:07 Repeat exception x12: Exception while handling key presses: - 299 @ java.nio.DirectByteBuffer.get(DirectByteBuffer.java:253)
8.1.1 21-08-2025 00:17:07 Repeat exception x13: Exception while handling key presses: - 299 @ java.nio.DirectByteBuffer.get(DirectByteBuffer.java:253)
8.1.1 21-08-2025 00:17:07 Repeat exception x14: Exception while handling key presses: - 299 @ java.nio.DirectByteBuffer.get(DirectByteBuffer.java:253)
8.1.1 21-08-2025 00:17:07 Repeat exception x15: Exception while handling key presses: - 299 @ java.nio.DirectByteBuffer.get(DirectByteBuffer.java:253)
8.1.1 21-08-2025 00:17:07 Repeat exception x16: Exception while handling key presses: - 299 @ java.nio.DirectByteBuffer.get(DirectByteBuffer.java:253)
8.1.1 21-08-2025 00:17:07 Repeat exception x17: Exception while handling key presses: - 299 @ java.nio.DirectByteBuffer.get(DirectByteBuffer.java:253)
8.1.1 21-08-2025 00:17:07 Repeat exception x18: Exception while handling key presses: - 299 @ java.nio.DirectByteBuffer.get(DirectByteBuffer.java:253)
8.1.1 21-08-2025 00:17:07 Repeat exception x19: Exception while handling key presses: - 299 @ java.nio.DirectByteBuffer.get(DirectByteBuffer.java:253)
8.1.1 21-08-2025 00:17:07 Repeat exception x20: Exception while handling key presses: - 299 @ java.nio.DirectByteBuffer.get(DirectByteBuffer.java:253). This error will no longer be logged in this session.
8.1.1 21-08-2025 00:17:18 Exception while handling key presses:
8.1.1 21-08-2025 00:17:18 java.lang.IndexOutOfBoundsException
	at java.nio.Buffer.checkIndex(Buffer.java:540)
	at java.nio.DirectByteBuffer.get(DirectByteBuffer.java:253)
	at org.lwjgl.input.Keyboard.isKeyDown(Keyboard.java:407)
	at org.millenaire.client.MillClientUtilities.handleKeyPress(MillClientUtilities.java:382)
	at org.millenaire.client.forge.ClientProxy.handleClientGameUpdate(ClientProxy.java:179)
	at org.millenaire.client.forge.ClientTickHandler.tickStart(ClientTickHandler.java:32)
	at net.minecraftforge.fml.common.eventhandler.ASMEventHandler_1044_ClientTickHandler_tickStart_ClientTickEvent.invoke(.dynamic)
	at net.minecraftforge.fml.common.eventhandler.ASMEventHandler.invoke(ASMEventHandler.java:90)
	at net.minecraftforge.fml.common.eventhandler.EventBus.post(EventBus.java:182)
	at net.minecraftforge.fml.common.FMLCommonHandler.onPostClientTick(FMLCommonHandler.java:349)
	at net.minecraft.client.Minecraft.func_71407_l(Minecraft.java:1911)
	at net.minecraft.client.Minecraft.func_71411_J(Minecraft.java:1098)
	at net.minecraft.client.Minecraft.func_99999_d(Minecraft.java:398)
	at net.minecraft.client.main.Main.main(SourceFile:123)
	at sun.reflect.NativeMethodAccessorImpl.invoke0(Native Method)
	at sun.reflect.NativeMethodAccessorImpl.invoke(NativeMethodAccessorImpl.java:62)
	at sun.reflect.DelegatingMethodAccessorImpl.invoke(DelegatingMethodAccessorImpl.java:43)
	at java.lang.reflect.Method.invoke(Method.java:498)
	at net.minecraft.launchwrapper.Launch.launch(Launch.java:135)
	at net.minecraft.launchwrapper.Launch.main(Launch.java:28)

8.1.1 21-08-2025 00:21:34 Exception while handling key presses:
8.1.1 21-08-2025 00:21:34 java.lang.IndexOutOfBoundsException
	at java.nio.Buffer.checkIndex(Buffer.java:540)
	at java.nio.DirectByteBuffer.get(DirectByteBuffer.java:253)
	at org.lwjgl.input.Keyboard.isKeyDown(Keyboard.java:407)
	at org.millenaire.client.MillClientUtilities.handleKeyPress(MillClientUtilities.java:382)
	at org.millenaire.client.forge.ClientProxy.handleClientGameUpdate(ClientProxy.java:179)
	at org.millenaire.client.forge.ClientTickHandler.tickStart(ClientTickHandler.java:32)
	at net.minecraftforge.fml.common.eventhandler.ASMEventHandler_1044_ClientTickHandler_tickStart_ClientTickEvent.invoke(.dynamic)
	at net.minecraftforge.fml.common.eventhandler.ASMEventHandler.invoke(ASMEventHandler.java:90)
	at net.minecraftforge.fml.common.eventhandler.EventBus.post(EventBus.java:182)
	at net.minecraftforge.fml.common.FMLCommonHandler.onPreClientTick(FMLCommonHandler.java:344)
	at net.minecraft.client.Minecraft.func_71407_l(Minecraft.java:1708)
	at net.minecraft.client.Minecraft.func_71411_J(Minecraft.java:1098)
	at net.minecraft.client.Minecraft.func_99999_d(Minecraft.java:398)
	at net.minecraft.client.main.Main.main(SourceFile:123)
	at sun.reflect.NativeMethodAccessorImpl.invoke0(Native Method)
	at sun.reflect.NativeMethodAccessorImpl.invoke(NativeMethodAccessorImpl.java:62)
	at sun.reflect.DelegatingMethodAccessorImpl.invoke(DelegatingMethodAccessorImpl.java:43)
	at java.lang.reflect.Method.invoke(Method.java:498)
	at net.minecraft.launchwrapper.Launch.launch(Launch.java:135)
	at net.minecraft.launchwrapper.Launch.main(Launch.java:28)

8.1.1 21-08-2025 00:21:34 Exception while handling key presses:
8.1.1 21-08-2025 00:21:34 java.lang.IndexOutOfBoundsException
	at java.nio.Buffer.checkIndex(Buffer.java:540)
	at java.nio.DirectByteBuffer.get(DirectByteBuffer.java:253)
	at org.lwjgl.input.Keyboard.isKeyDown(Keyboard.java:407)
	at org.millenaire.client.MillClientUtilities.handleKeyPress(MillClientUtilities.java:382)
	at org.millenaire.client.forge.ClientProxy.handleClientGameUpdate(ClientProxy.java:179)
	at org.millenaire.client.forge.ClientTickHandler.tickStart(ClientTickHandler.java:32)
	at net.minecraftforge.fml.common.eventhandler.ASMEventHandler_1044_ClientTickHandler_tickStart_ClientTickEvent.invoke(.dynamic)
	at net.minecraftforge.fml.common.eventhandler.ASMEventHandler.invoke(ASMEventHandler.java:90)
	at net.minecraftforge.fml.common.eventhandler.EventBus.post(EventBus.java:182)
	at net.minecraftforge.fml.common.FMLCommonHandler.onPostClientTick(FMLCommonHandler.java:349)
	at net.minecraft.client.Minecraft.func_71407_l(Minecraft.java:1911)
	at net.minecraft.client.Minecraft.func_71411_J(Minecraft.java:1098)
	at net.minecraft.client.Minecraft.func_99999_d(Minecraft.java:398)
	at net.minecraft.client.main.Main.main(SourceFile:123)
	at sun.reflect.NativeMethodAccessorImpl.invoke0(Native Method)
	at sun.reflect.NativeMethodAccessorImpl.invoke(NativeMethodAccessorImpl.java:62)
	at sun.reflect.DelegatingMethodAccessorImpl.invoke(DelegatingMethodAccessorImpl.java:43)
	at java.lang.reflect.Method.invoke(Method.java:498)
	at net.minecraft.launchwrapper.Launch.launch(Launch.java:135)
	at net.minecraft.launchwrapper.Launch.main(Launch.java:28)

8.1.1 21-08-2025 00:21:34 Exception while handling key presses:
8.1.1 21-08-2025 00:21:34 java.lang.IndexOutOfBoundsException
	at java.nio.Buffer.checkIndex(Buffer.java:540)
	at java.nio.DirectByteBuffer.get(DirectByteBuffer.java:253)
	at org.lwjgl.input.Keyboard.isKeyDown(Keyboard.java:407)
	at org.millenaire.client.MillClientUtilities.handleKeyPress(MillClientUtilities.java:382)
	at org.millenaire.client.forge.ClientProxy.handleClientGameUpdate(ClientProxy.java:179)
	at org.millenaire.client.forge.ClientTickHandler.tickStart(ClientTickHandler.java:32)
	at net.minecraftforge.fml.common.eventhandler.ASMEventHandler_1044_ClientTickHandler_tickStart_ClientTickEvent.invoke(.dynamic)
	at net.minecraftforge.fml.common.eventhandler.ASMEventHandler.invoke(ASMEventHandler.java:90)
	at net.minecraftforge.fml.common.eventhandler.EventBus.post(EventBus.java:182)
	at net.minecraftforge.fml.common.FMLCommonHandler.onPreClientTick(FMLCommonHandler.java:344)
	at net.minecraft.client.Minecraft.func_71407_l(Minecraft.java:1708)
	at net.minecraft.client.Minecraft.func_71411_J(Minecraft.java:1098)
	at net.minecraft.client.Minecraft.func_99999_d(Minecraft.java:398)
	at net.minecraft.client.main.Main.main(SourceFile:123)
	at sun.reflect.NativeMethodAccessorImpl.invoke0(Native Method)
	at sun.reflect.NativeMethodAccessorImpl.invoke(NativeMethodAccessorImpl.java:62)
	at sun.reflect.DelegatingMethodAccessorImpl.invoke(DelegatingMethodAccessorImpl.java:43)
	at java.lang.reflect.Method.invoke(Method.java:498)
	at net.minecraft.launchwrapper.Launch.launch(Launch.java:135)
	at net.minecraft.launchwrapper.Launch.main(Launch.java:28)

8.1.1 21-08-2025 00:21:34 Exception while handling key presses:
8.1.1 21-08-2025 00:21:34 java.lang.IndexOutOfBoundsException
	at java.nio.Buffer.checkIndex(Buffer.java:540)
	at java.nio.DirectByteBuffer.get(DirectByteBuffer.java:253)
	at org.lwjgl.input.Keyboard.isKeyDown(Keyboard.java:407)
	at org.millenaire.client.MillClientUtilities.handleKeyPress(MillClientUtilities.java:382)
	at org.millenaire.client.forge.ClientProxy.handleClientGameUpdate(ClientProxy.java:179)
	at org.millenaire.client.forge.ClientTickHandler.tickStart(ClientTickHandler.java:32)
	at net.minecraftforge.fml.common.eventhandler.ASMEventHandler_1044_ClientTickHandler_tickStart_ClientTickEvent.invoke(.dynamic)
	at net.minecraftforge.fml.common.eventhandler.ASMEventHandler.invoke(ASMEventHandler.java:90)
	at net.minecraftforge.fml.common.eventhandler.EventBus.post(EventBus.java:182)
	at net.minecraftforge.fml.common.FMLCommonHandler.onPostClientTick(FMLCommonHandler.java:349)
	at net.minecraft.client.Minecraft.func_71407_l(Minecraft.java:1911)
	at net.minecraft.client.Minecraft.func_71411_J(Minecraft.java:1098)
	at net.minecraft.client.Minecraft.func_99999_d(Minecraft.java:398)
	at net.minecraft.client.main.Main.main(SourceFile:123)
	at sun.reflect.NativeMethodAccessorImpl.invoke0(Native Method)
	at sun.reflect.NativeMethodAccessorImpl.invoke(NativeMethodAccessorImpl.java:62)
	at sun.reflect.DelegatingMethodAccessorImpl.invoke(DelegatingMethodAccessorImpl.java:43)
	at java.lang.reflect.Method.invoke(Method.java:498)
	at net.minecraft.launchwrapper.Launch.launch(Launch.java:135)
	at net.minecraft.launchwrapper.Launch.main(Launch.java:28)

8.1.1 21-08-2025 00:21:34 Repeat exception x6: Exception while handling key presses: @ java.nio.Buffer.checkIndex(Buffer.java:540)
8.1.1 21-08-2025 00:21:34 Repeat exception x7: Exception while handling key presses: @ java.nio.Buffer.checkIndex(Buffer.java:540)
8.1.1 21-08-2025 00:21:34 Repeat exception x8: Exception while handling key presses: @ java.nio.Buffer.checkIndex(Buffer.java:540)
8.1.1 21-08-2025 00:21:34 Repeat exception x9: Exception while handling key presses: @ java.nio.Buffer.checkIndex(Buffer.java:540)
8.1.1 21-08-2025 00:21:34 Repeat exception x10: Exception while handling key presses: @ java.nio.Buffer.checkIndex(Buffer.java:540)
8.1.1 21-08-2025 00:21:34 Repeat exception x11: Exception while handling key presses: @ java.nio.Buffer.checkIndex(Buffer.java:540)
8.1.1 21-08-2025 00:21:34 Repeat exception x12: Exception while handling key presses: @ java.nio.Buffer.checkIndex(Buffer.java:540)
8.1.1 21-08-2025 00:21:34 Repeat exception x13: Exception while handling key presses: @ java.nio.Buffer.checkIndex(Buffer.java:540)
8.1.1 21-08-2025 00:21:34 Repeat exception x14: Exception while handling key presses: @ java.nio.Buffer.checkIndex(Buffer.java:540)
8.1.1 21-08-2025 00:21:34 Repeat exception x15: Exception while handling key presses: @ java.nio.Buffer.checkIndex(Buffer.java:540)
8.1.1 21-08-2025 00:21:34 Repeat exception x16: Exception while handling key presses: @ java.nio.Buffer.checkIndex(Buffer.java:540)
8.1.1 21-08-2025 00:21:34 Repeat exception x17: Exception while handling key presses: @ java.nio.Buffer.checkIndex(Buffer.java:540)
8.1.1 21-08-2025 00:21:34 Repeat exception x18: Exception while handling key presses: @ java.nio.Buffer.checkIndex(Buffer.java:540)
8.1.1 21-08-2025 00:21:34 Repeat exception x19: Exception while handling key presses: @ java.nio.Buffer.checkIndex(Buffer.java:540)
8.1.1 21-08-2025 00:21:34 Repeat exception x20: Exception while handling key presses: @ java.nio.Buffer.checkIndex(Buffer.java:540). This error will no longer be logged in this session.
8.1.1 24-08-2025 23:03:04 Starting new session. Mods: examplemod 
8.1.1 24-08-2025 23:03:59 MAJOR: null: Loading language: es_mx
8.1.1 24-08-2025 23:04:00 MAJOR: null: LanguageData loaded: es_mx. Wand invitem name: Wand of Summoning
8.1.1 24-08-2025 23:05:41 Exception while handling key presses:
8.1.1 24-08-2025 23:05:41 java.lang.IndexOutOfBoundsException
	at java.nio.Buffer.checkIndex(Buffer.java:540)
	at java.nio.DirectByteBuffer.get(DirectByteBuffer.java:253)
	at org.lwjgl.input.Keyboard.isKeyDown(Keyboard.java:407)
	at org.millenaire.client.MillClientUtilities.handleKeyPress(MillClientUtilities.java:382)
	at org.millenaire.client.forge.ClientProxy.handleClientGameUpdate(ClientProxy.java:179)
	at org.millenaire.client.forge.ClientTickHandler.tickStart(ClientTickHandler.java:32)
	at net.minecraftforge.fml.common.eventhandler.ASMEventHandler_1044_ClientTickHandler_tickStart_ClientTickEvent.invoke(.dynamic)
	at net.minecraftforge.fml.common.eventhandler.ASMEventHandler.invoke(ASMEventHandler.java:90)
	at net.minecraftforge.fml.common.eventhandler.EventBus.post(EventBus.java:182)
	at net.minecraftforge.fml.common.FMLCommonHandler.onPreClientTick(FMLCommonHandler.java:344)
	at net.minecraft.client.Minecraft.func_71407_l(Minecraft.java:1708)
	at net.minecraft.client.Minecraft.func_71411_J(Minecraft.java:1098)
	at net.minecraft.client.Minecraft.func_99999_d(Minecraft.java:398)
	at net.minecraft.client.main.Main.main(SourceFile:123)
	at sun.reflect.NativeMethodAccessorImpl.invoke0(Native Method)
	at sun.reflect.NativeMethodAccessorImpl.invoke(NativeMethodAccessorImpl.java:62)
	at sun.reflect.DelegatingMethodAccessorImpl.invoke(DelegatingMethodAccessorImpl.java:43)
	at java.lang.reflect.Method.invoke(Method.java:498)
	at net.minecraft.launchwrapper.Launch.launch(Launch.java:135)
	at net.minecraft.launchwrapper.Launch.main(Launch.java:28)

8.1.1 24-08-2025 23:05:41 Exception while handling key presses:
8.1.1 24-08-2025 23:05:41 java.lang.IndexOutOfBoundsException
	at java.nio.Buffer.checkIndex(Buffer.java:540)
	at java.nio.DirectByteBuffer.get(DirectByteBuffer.java:253)
	at org.lwjgl.input.Keyboard.isKeyDown(Keyboard.java:407)
	at org.millenaire.client.MillClientUtilities.handleKeyPress(MillClientUtilities.java:382)
	at org.millenaire.client.forge.ClientProxy.handleClientGameUpdate(ClientProxy.java:179)
	at org.millenaire.client.forge.ClientTickHandler.tickStart(ClientTickHandler.java:32)
	at net.minecraftforge.fml.common.eventhandler.ASMEventHandler_1044_ClientTickHandler_tickStart_ClientTickEvent.invoke(.dynamic)
	at net.minecraftforge.fml.common.eventhandler.ASMEventHandler.invoke(ASMEventHandler.java:90)
	at net.minecraftforge.fml.common.eventhandler.EventBus.post(EventBus.java:182)
	at net.minecraftforge.fml.common.FMLCommonHandler.onPostClientTick(FMLCommonHandler.java:349)
	at net.minecraft.client.Minecraft.func_71407_l(Minecraft.java:1911)
	at net.minecraft.client.Minecraft.func_71411_J(Minecraft.java:1098)
	at net.minecraft.client.Minecraft.func_99999_d(Minecraft.java:398)
	at net.minecraft.client.main.Main.main(SourceFile:123)
	at sun.reflect.NativeMethodAccessorImpl.invoke0(Native Method)
	at sun.reflect.NativeMethodAccessorImpl.invoke(NativeMethodAccessorImpl.java:62)
	at sun.reflect.DelegatingMethodAccessorImpl.invoke(DelegatingMethodAccessorImpl.java:43)
	at java.lang.reflect.Method.invoke(Method.java:498)
	at net.minecraft.launchwrapper.Launch.launch(Launch.java:135)
	at net.minecraft.launchwrapper.Launch.main(Launch.java:28)

8.1.1 24-08-2025 23:05:41 Exception while handling key presses:
8.1.1 24-08-2025 23:05:41 java.lang.IndexOutOfBoundsException
	at java.nio.Buffer.checkIndex(Buffer.java:540)
	at java.nio.DirectByteBuffer.get(DirectByteBuffer.java:253)
	at org.lwjgl.input.Keyboard.isKeyDown(Keyboard.java:407)
	at org.millenaire.client.MillClientUtilities.handleKeyPress(MillClientUtilities.java:382)
	at org.millenaire.client.forge.ClientProxy.handleClientGameUpdate(ClientProxy.java:179)
	at org.millenaire.client.forge.ClientTickHandler.tickStart(ClientTickHandler.java:32)
	at net.minecraftforge.fml.common.eventhandler.ASMEventHandler_1044_ClientTickHandler_tickStart_ClientTickEvent.invoke(.dynamic)
	at net.minecraftforge.fml.common.eventhandler.ASMEventHandler.invoke(ASMEventHandler.java:90)
	at net.minecraftforge.fml.common.eventhandler.EventBus.post(EventBus.java:182)
	at net.minecraftforge.fml.common.FMLCommonHandler.onPreClientTick(FMLCommonHandler.java:344)
	at net.minecraft.client.Minecraft.func_71407_l(Minecraft.java:1708)
	at net.minecraft.client.Minecraft.func_71411_J(Minecraft.java:1098)
	at net.minecraft.client.Minecraft.func_99999_d(Minecraft.java:398)
	at net.minecraft.client.main.Main.main(SourceFile:123)
	at sun.reflect.NativeMethodAccessorImpl.invoke0(Native Method)
	at sun.reflect.NativeMethodAccessorImpl.invoke(NativeMethodAccessorImpl.java:62)
	at sun.reflect.DelegatingMethodAccessorImpl.invoke(DelegatingMethodAccessorImpl.java:43)
	at java.lang.reflect.Method.invoke(Method.java:498)
	at net.minecraft.launchwrapper.Launch.launch(Launch.java:135)
	at net.minecraft.launchwrapper.Launch.main(Launch.java:28)

8.1.1 24-08-2025 23:05:41 Exception while handling key presses:
8.1.1 24-08-2025 23:05:41 java.lang.IndexOutOfBoundsException
	at java.nio.Buffer.checkIndex(Buffer.java:540)
	at java.nio.DirectByteBuffer.get(DirectByteBuffer.java:253)
	at org.lwjgl.input.Keyboard.isKeyDown(Keyboard.java:407)
	at org.millenaire.client.MillClientUtilities.handleKeyPress(MillClientUtilities.java:382)
	at org.millenaire.client.forge.ClientProxy.handleClientGameUpdate(ClientProxy.java:179)
	at org.millenaire.client.forge.ClientTickHandler.tickStart(ClientTickHandler.java:32)
	at net.minecraftforge.fml.common.eventhandler.ASMEventHandler_1044_ClientTickHandler_tickStart_ClientTickEvent.invoke(.dynamic)
	at net.minecraftforge.fml.common.eventhandler.ASMEventHandler.invoke(ASMEventHandler.java:90)
	at net.minecraftforge.fml.common.eventhandler.EventBus.post(EventBus.java:182)
	at net.minecraftforge.fml.common.FMLCommonHandler.onPostClientTick(FMLCommonHandler.java:349)
	at net.minecraft.client.Minecraft.func_71407_l(Minecraft.java:1911)
	at net.minecraft.client.Minecraft.func_71411_J(Minecraft.java:1098)
	at net.minecraft.client.Minecraft.func_99999_d(Minecraft.java:398)
	at net.minecraft.client.main.Main.main(SourceFile:123)
	at sun.reflect.NativeMethodAccessorImpl.invoke0(Native Method)
	at sun.reflect.NativeMethodAccessorImpl.invoke(NativeMethodAccessorImpl.java:62)
	at sun.reflect.DelegatingMethodAccessorImpl.invoke(DelegatingMethodAccessorImpl.java:43)
	at java.lang.reflect.Method.invoke(Method.java:498)
	at net.minecraft.launchwrapper.Launch.launch(Launch.java:135)
	at net.minecraft.launchwrapper.Launch.main(Launch.java:28)

8.1.1 24-08-2025 23:05:41 Exception while handling key presses:
8.1.1 24-08-2025 23:05:41 java.lang.IndexOutOfBoundsException
	at java.nio.Buffer.checkIndex(Buffer.java:540)
	at java.nio.DirectByteBuffer.get(DirectByteBuffer.java:253)
	at org.lwjgl.input.Keyboard.isKeyDown(Keyboard.java:407)
	at org.millenaire.client.MillClientUtilities.handleKeyPress(MillClientUtilities.java:382)
	at org.millenaire.client.forge.ClientProxy.handleClientGameUpdate(ClientProxy.java:179)
	at org.millenaire.client.forge.ClientTickHandler.tickStart(ClientTickHandler.java:32)
	at net.minecraftforge.fml.common.eventhandler.ASMEventHandler_1044_ClientTickHandler_tickStart_ClientTickEvent.invoke(.dynamic)
	at net.minecraftforge.fml.common.eventhandler.ASMEventHandler.invoke(ASMEventHandler.java:90)
	at net.minecraftforge.fml.common.eventhandler.EventBus.post(EventBus.java:182)
	at net.minecraftforge.fml.common.FMLCommonHandler.onPreClientTick(FMLCommonHandler.java:344)
	at net.minecraft.client.Minecraft.func_71407_l(Minecraft.java:1708)
	at net.minecraft.client.Minecraft.func_71411_J(Minecraft.java:1098)
	at net.minecraft.client.Minecraft.func_99999_d(Minecraft.java:398)
	at net.minecraft.client.main.Main.main(SourceFile:123)
	at sun.reflect.NativeMethodAccessorImpl.invoke0(Native Method)
	at sun.reflect.NativeMethodAccessorImpl.invoke(NativeMethodAccessorImpl.java:62)
	at sun.reflect.DelegatingMethodAccessorImpl.invoke(DelegatingMethodAccessorImpl.java:43)
	at java.lang.reflect.Method.invoke(Method.java:498)
	at net.minecraft.launchwrapper.Launch.launch(Launch.java:135)
	at net.minecraft.launchwrapper.Launch.main(Launch.java:28)

8.1.1 24-08-2025 23:05:41 Repeat exception x6: Exception while handling key presses: @ java.nio.Buffer.checkIndex(Buffer.java:540)
8.1.1 24-08-2025 23:05:41 Repeat exception x7: Exception while handling key presses: @ java.nio.Buffer.checkIndex(Buffer.java:540)
8.1.1 24-08-2025 23:05:41 Repeat exception x8: Exception while handling key presses: @ java.nio.Buffer.checkIndex(Buffer.java:540)
8.1.1 24-08-2025 23:05:41 Repeat exception x9: Exception while handling key presses: @ java.nio.Buffer.checkIndex(Buffer.java:540)
8.1.1 24-08-2025 23:05:41 Repeat exception x10: Exception while handling key presses: @ java.nio.Buffer.checkIndex(Buffer.java:540)
8.1.1 24-08-2025 23:05:41 Repeat exception x11: Exception while handling key presses: @ java.nio.Buffer.checkIndex(Buffer.java:540)
8.1.1 24-08-2025 23:05:41 Repeat exception x12: Exception while handling key presses: @ java.nio.Buffer.checkIndex(Buffer.java:540)
8.1.1 24-08-2025 23:05:41 Repeat exception x13: Exception while handling key presses: @ java.nio.Buffer.checkIndex(Buffer.java:540)
8.1.1 24-08-2025 23:05:41 Repeat exception x14: Exception while handling key presses: @ java.nio.Buffer.checkIndex(Buffer.java:540)
8.1.1 24-08-2025 23:05:41 Repeat exception x15: Exception while handling key presses: @ java.nio.Buffer.checkIndex(Buffer.java:540)
8.1.1 24-08-2025 23:05:41 Repeat exception x16: Exception while handling key presses: @ java.nio.Buffer.checkIndex(Buffer.java:540)
8.1.1 24-08-2025 23:05:41 Repeat exception x17: Exception while handling key presses: @ java.nio.Buffer.checkIndex(Buffer.java:540)
8.1.1 24-08-2025 23:05:41 Repeat exception x18: Exception while handling key presses: @ java.nio.Buffer.checkIndex(Buffer.java:540)
8.1.1 24-08-2025 23:05:41 Repeat exception x19: Exception while handling key presses: @ java.nio.Buffer.checkIndex(Buffer.java:540)
8.1.1 24-08-2025 23:05:41 Repeat exception x20: Exception while handling key presses: @ java.nio.Buffer.checkIndex(Buffer.java:540). This error will no longer be logged in this session.
8.1.1 24-08-2025 23:05:42 Exception while handling key presses:
8.1.1 24-08-2025 23:05:42 java.lang.IndexOutOfBoundsException: 299
	at java.nio.DirectByteBuffer.get(DirectByteBuffer.java:253)
	at org.lwjgl.input.Keyboard.isKeyDown(Keyboard.java:407)
	at org.millenaire.client.MillClientUtilities.handleKeyPress(MillClientUtilities.java:382)
	at org.millenaire.client.forge.ClientProxy.handleClientGameUpdate(ClientProxy.java:179)
	at org.millenaire.client.forge.ClientTickHandler.tickStart(ClientTickHandler.java:32)
	at net.minecraftforge.fml.common.eventhandler.ASMEventHandler_1044_ClientTickHandler_tickStart_ClientTickEvent.invoke(.dynamic)
	at net.minecraftforge.fml.common.eventhandler.ASMEventHandler.invoke(ASMEventHandler.java:90)
	at net.minecraftforge.fml.common.eventhandler.EventBus.post(EventBus.java:182)
	at net.minecraftforge.fml.common.FMLCommonHandler.onPreClientTick(FMLCommonHandler.java:344)
	at net.minecraft.client.Minecraft.func_71407_l(Minecraft.java:1708)
	at net.minecraft.client.Minecraft.func_71411_J(Minecraft.java:1098)
	at net.minecraft.client.Minecraft.func_99999_d(Minecraft.java:398)
	at net.minecraft.client.main.Main.main(SourceFile:123)
	at sun.reflect.NativeMethodAccessorImpl.invoke0(Native Method)
	at sun.reflect.NativeMethodAccessorImpl.invoke(NativeMethodAccessorImpl.java:62)
	at sun.reflect.DelegatingMethodAccessorImpl.invoke(DelegatingMethodAccessorImpl.java:43)
	at java.lang.reflect.Method.invoke(Method.java:498)
	at net.minecraft.launchwrapper.Launch.launch(Launch.java:135)
	at net.minecraft.launchwrapper.Launch.main(Launch.java:28)

8.1.1 24-08-2025 23:05:42 Exception while handling key presses:
8.1.1 24-08-2025 23:05:42 java.lang.IndexOutOfBoundsException: 299
	at java.nio.DirectByteBuffer.get(DirectByteBuffer.java:253)
	at org.lwjgl.input.Keyboard.isKeyDown(Keyboard.java:407)
	at org.millenaire.client.MillClientUtilities.handleKeyPress(MillClientUtilities.java:382)
	at org.millenaire.client.forge.ClientProxy.handleClientGameUpdate(ClientProxy.java:179)
	at org.millenaire.client.forge.ClientTickHandler.tickStart(ClientTickHandler.java:32)
	at net.minecraftforge.fml.common.eventhandler.ASMEventHandler_1044_ClientTickHandler_tickStart_ClientTickEvent.invoke(.dynamic)
	at net.minecraftforge.fml.common.eventhandler.ASMEventHandler.invoke(ASMEventHandler.java:90)
	at net.minecraftforge.fml.common.eventhandler.EventBus.post(EventBus.java:182)
	at net.minecraftforge.fml.common.FMLCommonHandler.onPostClientTick(FMLCommonHandler.java:349)
	at net.minecraft.client.Minecraft.func_71407_l(Minecraft.java:1911)
	at net.minecraft.client.Minecraft.func_71411_J(Minecraft.java:1098)
	at net.minecraft.client.Minecraft.func_99999_d(Minecraft.java:398)
	at net.minecraft.client.main.Main.main(SourceFile:123)
	at sun.reflect.NativeMethodAccessorImpl.invoke0(Native Method)
	at sun.reflect.NativeMethodAccessorImpl.invoke(NativeMethodAccessorImpl.java:62)
	at sun.reflect.DelegatingMethodAccessorImpl.invoke(DelegatingMethodAccessorImpl.java:43)
	at java.lang.reflect.Method.invoke(Method.java:498)
	at net.minecraft.launchwrapper.Launch.launch(Launch.java:135)
	at net.minecraft.launchwrapper.Launch.main(Launch.java:28)

8.1.1 24-08-2025 23:05:42 Exception while handling key presses:
8.1.1 24-08-2025 23:05:42 java.lang.IndexOutOfBoundsException: 299
	at java.nio.DirectByteBuffer.get(DirectByteBuffer.java:253)
	at org.lwjgl.input.Keyboard.isKeyDown(Keyboard.java:407)
	at org.millenaire.client.MillClientUtilities.handleKeyPress(MillClientUtilities.java:382)
	at org.millenaire.client.forge.ClientProxy.handleClientGameUpdate(ClientProxy.java:179)
	at org.millenaire.client.forge.ClientTickHandler.tickStart(ClientTickHandler.java:32)
	at net.minecraftforge.fml.common.eventhandler.ASMEventHandler_1044_ClientTickHandler_tickStart_ClientTickEvent.invoke(.dynamic)
	at net.minecraftforge.fml.common.eventhandler.ASMEventHandler.invoke(ASMEventHandler.java:90)
	at net.minecraftforge.fml.common.eventhandler.EventBus.post(EventBus.java:182)
	at net.minecraftforge.fml.common.FMLCommonHandler.onPreClientTick(FMLCommonHandler.java:344)
	at net.minecraft.client.Minecraft.func_71407_l(Minecraft.java:1708)
	at net.minecraft.client.Minecraft.func_71411_J(Minecraft.java:1098)
	at net.minecraft.client.Minecraft.func_99999_d(Minecraft.java:398)
	at net.minecraft.client.main.Main.main(SourceFile:123)
	at sun.reflect.NativeMethodAccessorImpl.invoke0(Native Method)
	at sun.reflect.NativeMethodAccessorImpl.invoke(NativeMethodAccessorImpl.java:62)
	at sun.reflect.DelegatingMethodAccessorImpl.invoke(DelegatingMethodAccessorImpl.java:43)
	at java.lang.reflect.Method.invoke(Method.java:498)
	at net.minecraft.launchwrapper.Launch.launch(Launch.java:135)
	at net.minecraft.launchwrapper.Launch.main(Launch.java:28)

8.1.1 24-08-2025 23:05:42 Exception while handling key presses:
8.1.1 24-08-2025 23:05:42 java.lang.IndexOutOfBoundsException: 299
	at java.nio.DirectByteBuffer.get(DirectByteBuffer.java:253)
	at org.lwjgl.input.Keyboard.isKeyDown(Keyboard.java:407)
	at org.millenaire.client.MillClientUtilities.handleKeyPress(MillClientUtilities.java:382)
	at org.millenaire.client.forge.ClientProxy.handleClientGameUpdate(ClientProxy.java:179)
	at org.millenaire.client.forge.ClientTickHandler.tickStart(ClientTickHandler.java:32)
	at net.minecraftforge.fml.common.eventhandler.ASMEventHandler_1044_ClientTickHandler_tickStart_ClientTickEvent.invoke(.dynamic)
	at net.minecraftforge.fml.common.eventhandler.ASMEventHandler.invoke(ASMEventHandler.java:90)
	at net.minecraftforge.fml.common.eventhandler.EventBus.post(EventBus.java:182)
	at net.minecraftforge.fml.common.FMLCommonHandler.onPostClientTick(FMLCommonHandler.java:349)
	at net.minecraft.client.Minecraft.func_71407_l(Minecraft.java:1911)
	at net.minecraft.client.Minecraft.func_71411_J(Minecraft.java:1098)
	at net.minecraft.client.Minecraft.func_99999_d(Minecraft.java:398)
	at net.minecraft.client.main.Main.main(SourceFile:123)
	at sun.reflect.NativeMethodAccessorImpl.invoke0(Native Method)
	at sun.reflect.NativeMethodAccessorImpl.invoke(NativeMethodAccessorImpl.java:62)
	at sun.reflect.DelegatingMethodAccessorImpl.invoke(DelegatingMethodAccessorImpl.java:43)
	at java.lang.reflect.Method.invoke(Method.java:498)
	at net.minecraft.launchwrapper.Launch.launch(Launch.java:135)
	at net.minecraft.launchwrapper.Launch.main(Launch.java:28)

8.1.1 24-08-2025 23:05:42 Exception while handling key presses:
8.1.1 24-08-2025 23:05:42 java.lang.IndexOutOfBoundsException: 299
	at java.nio.DirectByteBuffer.get(DirectByteBuffer.java:253)
	at org.lwjgl.input.Keyboard.isKeyDown(Keyboard.java:407)
	at org.millenaire.client.MillClientUtilities.handleKeyPress(MillClientUtilities.java:382)
	at org.millenaire.client.forge.ClientProxy.handleClientGameUpdate(ClientProxy.java:179)
	at org.millenaire.client.forge.ClientTickHandler.tickStart(ClientTickHandler.java:32)
	at net.minecraftforge.fml.common.eventhandler.ASMEventHandler_1044_ClientTickHandler_tickStart_ClientTickEvent.invoke(.dynamic)
	at net.minecraftforge.fml.common.eventhandler.ASMEventHandler.invoke(ASMEventHandler.java:90)
	at net.minecraftforge.fml.common.eventhandler.EventBus.post(EventBus.java:182)
	at net.minecraftforge.fml.common.FMLCommonHandler.onPreClientTick(FMLCommonHandler.java:344)
	at net.minecraft.client.Minecraft.func_71407_l(Minecraft.java:1708)
	at net.minecraft.client.Minecraft.func_71411_J(Minecraft.java:1098)
	at net.minecraft.client.Minecraft.func_99999_d(Minecraft.java:398)
	at net.minecraft.client.main.Main.main(SourceFile:123)
	at sun.reflect.NativeMethodAccessorImpl.invoke0(Native Method)
	at sun.reflect.NativeMethodAccessorImpl.invoke(NativeMethodAccessorImpl.java:62)
	at sun.reflect.DelegatingMethodAccessorImpl.invoke(DelegatingMethodAccessorImpl.java:43)
	at java.lang.reflect.Method.invoke(Method.java:498)
	at net.minecraft.launchwrapper.Launch.launch(Launch.java:135)
	at net.minecraft.launchwrapper.Launch.main(Launch.java:28)

8.1.1 24-08-2025 23:05:42 Repeat exception x6: Exception while handling key presses: - 299 @ java.nio.DirectByteBuffer.get(DirectByteBuffer.java:253)
8.1.1 24-08-2025 23:05:42 Repeat exception x7: Exception while handling key presses: - 299 @ java.nio.DirectByteBuffer.get(DirectByteBuffer.java:253)
8.1.1 24-08-2025 23:05:42 Repeat exception x8: Exception while handling key presses: - 299 @ java.nio.DirectByteBuffer.get(DirectByteBuffer.java:253)
8.1.1 24-08-2025 23:05:42 Repeat exception x9: Exception while handling key presses: - 299 @ java.nio.DirectByteBuffer.get(DirectByteBuffer.java:253)
8.1.1 24-08-2025 23:05:42 Repeat exception x10: Exception while handling key presses: - 299 @ java.nio.DirectByteBuffer.get(DirectByteBuffer.java:253)
8.1.1 24-08-2025 23:05:42 Repeat exception x11: Exception while handling key presses: - 299 @ java.nio.DirectByteBuffer.get(DirectByteBuffer.java:253)
8.1.1 24-08-2025 23:05:42 Repeat exception x12: Exception while handling key presses: - 299 @ java.nio.DirectByteBuffer.get(DirectByteBuffer.java:253)
8.1.1 24-08-2025 23:05:42 Repeat exception x13: Exception while handling key presses: - 299 @ java.nio.DirectByteBuffer.get(DirectByteBuffer.java:253)
8.1.1 24-08-2025 23:05:42 Repeat exception x14: Exception while handling key presses: - 299 @ java.nio.DirectByteBuffer.get(DirectByteBuffer.java:253)
8.1.1 24-08-2025 23:05:42 Repeat exception x15: Exception while handling key presses: - 299 @ java.nio.DirectByteBuffer.get(DirectByteBuffer.java:253)
8.1.1 24-08-2025 23:05:42 Repeat exception x16: Exception while handling key presses: - 299 @ java.nio.DirectByteBuffer.get(DirectByteBuffer.java:253)
8.1.1 24-08-2025 23:05:42 Repeat exception x17: Exception while handling key presses: - 299 @ java.nio.DirectByteBuffer.get(DirectByteBuffer.java:253)
8.1.1 24-08-2025 23:05:42 Repeat exception x18: Exception while handling key presses: - 299 @ java.nio.DirectByteBuffer.get(DirectByteBuffer.java:253)
8.1.1 24-08-2025 23:05:42 Repeat exception x19: Exception while handling key presses: - 299 @ java.nio.DirectByteBuffer.get(DirectByteBuffer.java:253)
8.1.1 24-08-2025 23:05:42 Repeat exception x20: Exception while handling key presses: - 299 @ java.nio.DirectByteBuffer.get(DirectByteBuffer.java:253). This error will no longer be logged in this session.
8.1.1 25-08-2025 02:06:27 MAJOR: null: Loading language: es_cl
8.1.1 25-08-2025 02:06:27 MAJOR: null: LanguageData loaded: es_cl. Wand invitem name: Wand of Summoning
8.1.1 25-08-2025 02:07:52 MAJOR: null: Loading language: es_es
8.1.1 25-08-2025 02:07:52 MAJOR: null: LanguageData loaded: es_es. Wand invitem name: Varita de Invocación
8.1.1 25-08-2025 02:09:12 Starting new session. Mods: examplemod 
8.1.1 25-08-2025 02:09:56 MAJOR: null: Loading language: es_es
8.1.1 25-08-2025 02:09:56 MAJOR: null: LanguageData loaded: es_es. Wand invitem name: Varita de Invocación
8.1.1 25-08-2025 02:10:28 Exception while handling key presses:
8.1.1 25-08-2025 02:10:28 java.lang.IndexOutOfBoundsException: 299
	at java.nio.DirectByteBuffer.get(DirectByteBuffer.java:253)
	at org.lwjgl.input.Keyboard.isKeyDown(Keyboard.java:407)
	at org.millenaire.client.MillClientUtilities.handleKeyPress(MillClientUtilities.java:382)
	at org.millenaire.client.forge.ClientProxy.handleClientGameUpdate(ClientProxy.java:179)
	at org.millenaire.client.forge.ClientTickHandler.tickStart(ClientTickHandler.java:32)
	at net.minecraftforge.fml.common.eventhandler.ASMEventHandler_1044_ClientTickHandler_tickStart_ClientTickEvent.invoke(.dynamic)
	at net.minecraftforge.fml.common.eventhandler.ASMEventHandler.invoke(ASMEventHandler.java:90)
	at net.minecraftforge.fml.common.eventhandler.EventBus.post(EventBus.java:182)
	at net.minecraftforge.fml.common.FMLCommonHandler.onPreClientTick(FMLCommonHandler.java:344)
	at net.minecraft.client.Minecraft.func_71407_l(Minecraft.java:1708)
	at net.minecraft.client.Minecraft.func_71411_J(Minecraft.java:1098)
	at net.minecraft.client.Minecraft.func_99999_d(Minecraft.java:398)
	at net.minecraft.client.main.Main.main(SourceFile:123)
	at sun.reflect.NativeMethodAccessorImpl.invoke0(Native Method)
	at sun.reflect.NativeMethodAccessorImpl.invoke(NativeMethodAccessorImpl.java:62)
	at sun.reflect.DelegatingMethodAccessorImpl.invoke(DelegatingMethodAccessorImpl.java:43)
	at java.lang.reflect.Method.invoke(Method.java:498)
	at net.minecraft.launchwrapper.Launch.launch(Launch.java:135)
	at net.minecraft.launchwrapper.Launch.main(Launch.java:28)

8.1.1 25-08-2025 02:10:28 Exception while handling key presses:
8.1.1 25-08-2025 02:10:28 java.lang.IndexOutOfBoundsException: 299
	at java.nio.DirectByteBuffer.get(DirectByteBuffer.java:253)
	at org.lwjgl.input.Keyboard.isKeyDown(Keyboard.java:407)
	at org.millenaire.client.MillClientUtilities.handleKeyPress(MillClientUtilities.java:382)
	at org.millenaire.client.forge.ClientProxy.handleClientGameUpdate(ClientProxy.java:179)
	at org.millenaire.client.forge.ClientTickHandler.tickStart(ClientTickHandler.java:32)
	at net.minecraftforge.fml.common.eventhandler.ASMEventHandler_1044_ClientTickHandler_tickStart_ClientTickEvent.invoke(.dynamic)
	at net.minecraftforge.fml.common.eventhandler.ASMEventHandler.invoke(ASMEventHandler.java:90)
	at net.minecraftforge.fml.common.eventhandler.EventBus.post(EventBus.java:182)
	at net.minecraftforge.fml.common.FMLCommonHandler.onPostClientTick(FMLCommonHandler.java:349)
	at net.minecraft.client.Minecraft.func_71407_l(Minecraft.java:1911)
	at net.minecraft.client.Minecraft.func_71411_J(Minecraft.java:1098)
	at net.minecraft.client.Minecraft.func_99999_d(Minecraft.java:398)
	at net.minecraft.client.main.Main.main(SourceFile:123)
	at sun.reflect.NativeMethodAccessorImpl.invoke0(Native Method)
	at sun.reflect.NativeMethodAccessorImpl.invoke(NativeMethodAccessorImpl.java:62)
	at sun.reflect.DelegatingMethodAccessorImpl.invoke(DelegatingMethodAccessorImpl.java:43)
	at java.lang.reflect.Method.invoke(Method.java:498)
	at net.minecraft.launchwrapper.Launch.launch(Launch.java:135)
	at net.minecraft.launchwrapper.Launch.main(Launch.java:28)

8.1.1 25-08-2025 02:10:28 Exception while handling key presses:
8.1.1 25-08-2025 02:10:28 java.lang.IndexOutOfBoundsException: 299
	at java.nio.DirectByteBuffer.get(DirectByteBuffer.java:253)
	at org.lwjgl.input.Keyboard.isKeyDown(Keyboard.java:407)
	at org.millenaire.client.MillClientUtilities.handleKeyPress(MillClientUtilities.java:382)
	at org.millenaire.client.forge.ClientProxy.handleClientGameUpdate(ClientProxy.java:179)
	at org.millenaire.client.forge.ClientTickHandler.tickStart(ClientTickHandler.java:32)
	at net.minecraftforge.fml.common.eventhandler.ASMEventHandler_1044_ClientTickHandler_tickStart_ClientTickEvent.invoke(.dynamic)
	at net.minecraftforge.fml.common.eventhandler.ASMEventHandler.invoke(ASMEventHandler.java:90)
	at net.minecraftforge.fml.common.eventhandler.EventBus.post(EventBus.java:182)
	at net.minecraftforge.fml.common.FMLCommonHandler.onPreClientTick(FMLCommonHandler.java:344)
	at net.minecraft.client.Minecraft.func_71407_l(Minecraft.java:1708)
	at net.minecraft.client.Minecraft.func_71411_J(Minecraft.java:1098)
	at net.minecraft.client.Minecraft.func_99999_d(Minecraft.java:398)
	at net.minecraft.client.main.Main.main(SourceFile:123)
	at sun.reflect.NativeMethodAccessorImpl.invoke0(Native Method)
	at sun.reflect.NativeMethodAccessorImpl.invoke(NativeMethodAccessorImpl.java:62)
	at sun.reflect.DelegatingMethodAccessorImpl.invoke(DelegatingMethodAccessorImpl.java:43)
	at java.lang.reflect.Method.invoke(Method.java:498)
	at net.minecraft.launchwrapper.Launch.launch(Launch.java:135)
	at net.minecraft.launchwrapper.Launch.main(Launch.java:28)

8.1.1 25-08-2025 02:10:28 Exception while handling key presses:
8.1.1 25-08-2025 02:10:28 java.lang.IndexOutOfBoundsException: 299
	at java.nio.DirectByteBuffer.get(DirectByteBuffer.java:253)
	at org.lwjgl.input.Keyboard.isKeyDown(Keyboard.java:407)
	at org.millenaire.client.MillClientUtilities.handleKeyPress(MillClientUtilities.java:382)
	at org.millenaire.client.forge.ClientProxy.handleClientGameUpdate(ClientProxy.java:179)
	at org.millenaire.client.forge.ClientTickHandler.tickStart(ClientTickHandler.java:32)
	at net.minecraftforge.fml.common.eventhandler.ASMEventHandler_1044_ClientTickHandler_tickStart_ClientTickEvent.invoke(.dynamic)
	at net.minecraftforge.fml.common.eventhandler.ASMEventHandler.invoke(ASMEventHandler.java:90)
	at net.minecraftforge.fml.common.eventhandler.EventBus.post(EventBus.java:182)
	at net.minecraftforge.fml.common.FMLCommonHandler.onPostClientTick(FMLCommonHandler.java:349)
	at net.minecraft.client.Minecraft.func_71407_l(Minecraft.java:1911)
	at net.minecraft.client.Minecraft.func_71411_J(Minecraft.java:1098)
	at net.minecraft.client.Minecraft.func_99999_d(Minecraft.java:398)
	at net.minecraft.client.main.Main.main(SourceFile:123)
	at sun.reflect.NativeMethodAccessorImpl.invoke0(Native Method)
	at sun.reflect.NativeMethodAccessorImpl.invoke(NativeMethodAccessorImpl.java:62)
	at sun.reflect.DelegatingMethodAccessorImpl.invoke(DelegatingMethodAccessorImpl.java:43)
	at java.lang.reflect.Method.invoke(Method.java:498)
	at net.minecraft.launchwrapper.Launch.launch(Launch.java:135)
	at net.minecraft.launchwrapper.Launch.main(Launch.java:28)

8.1.1 25-08-2025 02:10:28 Exception while handling key presses:
8.1.1 25-08-2025 02:10:28 java.lang.IndexOutOfBoundsException: 299
	at java.nio.DirectByteBuffer.get(DirectByteBuffer.java:253)
	at org.lwjgl.input.Keyboard.isKeyDown(Keyboard.java:407)
	at org.millenaire.client.MillClientUtilities.handleKeyPress(MillClientUtilities.java:382)
	at org.millenaire.client.forge.ClientProxy.handleClientGameUpdate(ClientProxy.java:179)
	at org.millenaire.client.forge.ClientTickHandler.tickStart(ClientTickHandler.java:32)
	at net.minecraftforge.fml.common.eventhandler.ASMEventHandler_1044_ClientTickHandler_tickStart_ClientTickEvent.invoke(.dynamic)
	at net.minecraftforge.fml.common.eventhandler.ASMEventHandler.invoke(ASMEventHandler.java:90)
	at net.minecraftforge.fml.common.eventhandler.EventBus.post(EventBus.java:182)
	at net.minecraftforge.fml.common.FMLCommonHandler.onPreClientTick(FMLCommonHandler.java:344)
	at net.minecraft.client.Minecraft.func_71407_l(Minecraft.java:1708)
	at net.minecraft.client.Minecraft.func_71411_J(Minecraft.java:1098)
	at net.minecraft.client.Minecraft.func_99999_d(Minecraft.java:398)
	at net.minecraft.client.main.Main.main(SourceFile:123)
	at sun.reflect.NativeMethodAccessorImpl.invoke0(Native Method)
	at sun.reflect.NativeMethodAccessorImpl.invoke(NativeMethodAccessorImpl.java:62)
	at sun.reflect.DelegatingMethodAccessorImpl.invoke(DelegatingMethodAccessorImpl.java:43)
	at java.lang.reflect.Method.invoke(Method.java:498)
	at net.minecraft.launchwrapper.Launch.launch(Launch.java:135)
	at net.minecraft.launchwrapper.Launch.main(Launch.java:28)

8.1.1 25-08-2025 02:10:28 Repeat exception x6: Exception while handling key presses: - 299 @ java.nio.DirectByteBuffer.get(DirectByteBuffer.java:253)
8.1.1 25-08-2025 02:10:28 Repeat exception x7: Exception while handling key presses: - 299 @ java.nio.DirectByteBuffer.get(DirectByteBuffer.java:253)
8.1.1 25-08-2025 02:10:28 Repeat exception x8: Exception while handling key presses: - 299 @ java.nio.DirectByteBuffer.get(DirectByteBuffer.java:253)
8.1.1 25-08-2025 02:10:28 Repeat exception x9: Exception while handling key presses: - 299 @ java.nio.DirectByteBuffer.get(DirectByteBuffer.java:253)
8.1.1 25-08-2025 02:10:28 Repeat exception x10: Exception while handling key presses: - 299 @ java.nio.DirectByteBuffer.get(DirectByteBuffer.java:253)
8.1.1 25-08-2025 02:10:28 Repeat exception x11: Exception while handling key presses: - 299 @ java.nio.DirectByteBuffer.get(DirectByteBuffer.java:253)
8.1.1 25-08-2025 02:10:28 Repeat exception x12: Exception while handling key presses: - 299 @ java.nio.DirectByteBuffer.get(DirectByteBuffer.java:253)
8.1.1 25-08-2025 02:10:28 Repeat exception x13: Exception while handling key presses: - 299 @ java.nio.DirectByteBuffer.get(DirectByteBuffer.java:253)
8.1.1 25-08-2025 02:10:28 Repeat exception x14: Exception while handling key presses: - 299 @ java.nio.DirectByteBuffer.get(DirectByteBuffer.java:253)
8.1.1 25-08-2025 02:10:28 Repeat exception x15: Exception while handling key presses: - 299 @ java.nio.DirectByteBuffer.get(DirectByteBuffer.java:253)
8.1.1 25-08-2025 02:10:28 Repeat exception x16: Exception while handling key presses: - 299 @ java.nio.DirectByteBuffer.get(DirectByteBuffer.java:253)
8.1.1 25-08-2025 02:10:28 Repeat exception x17: Exception while handling key presses: - 299 @ java.nio.DirectByteBuffer.get(DirectByteBuffer.java:253)
8.1.1 25-08-2025 02:10:28 Repeat exception x18: Exception while handling key presses: - 299 @ java.nio.DirectByteBuffer.get(DirectByteBuffer.java:253)
8.1.1 25-08-2025 02:10:28 Repeat exception x19: Exception while handling key presses: - 299 @ java.nio.DirectByteBuffer.get(DirectByteBuffer.java:253)
8.1.1 25-08-2025 02:10:28 Repeat exception x20: Exception while handling key presses: - 299 @ java.nio.DirectByteBuffer.get(DirectByteBuffer.java:253). This error will no longer be logged in this session.
8.1.1 25-08-2025 02:10:38 Exception while handling key presses:
8.1.1 25-08-2025 02:10:38 java.lang.IndexOutOfBoundsException
	at java.nio.Buffer.checkIndex(Buffer.java:540)
	at java.nio.DirectByteBuffer.get(DirectByteBuffer.java:253)
	at org.lwjgl.input.Keyboard.isKeyDown(Keyboard.java:407)
	at org.millenaire.client.MillClientUtilities.handleKeyPress(MillClientUtilities.java:382)
	at org.millenaire.client.forge.ClientProxy.handleClientGameUpdate(ClientProxy.java:179)
	at org.millenaire.client.forge.ClientTickHandler.tickStart(ClientTickHandler.java:32)
	at net.minecraftforge.fml.common.eventhandler.ASMEventHandler_1044_ClientTickHandler_tickStart_ClientTickEvent.invoke(.dynamic)
	at net.minecraftforge.fml.common.eventhandler.ASMEventHandler.invoke(ASMEventHandler.java:90)
	at net.minecraftforge.fml.common.eventhandler.EventBus.post(EventBus.java:182)
	at net.minecraftforge.fml.common.FMLCommonHandler.onPostClientTick(FMLCommonHandler.java:349)
	at net.minecraft.client.Minecraft.func_71407_l(Minecraft.java:1911)
	at net.minecraft.client.Minecraft.func_71411_J(Minecraft.java:1098)
	at net.minecraft.client.Minecraft.func_99999_d(Minecraft.java:398)
	at net.minecraft.client.main.Main.main(SourceFile:123)
	at sun.reflect.NativeMethodAccessorImpl.invoke0(Native Method)
	at sun.reflect.NativeMethodAccessorImpl.invoke(NativeMethodAccessorImpl.java:62)
	at sun.reflect.DelegatingMethodAccessorImpl.invoke(DelegatingMethodAccessorImpl.java:43)
	at java.lang.reflect.Method.invoke(Method.java:498)
	at net.minecraft.launchwrapper.Launch.launch(Launch.java:135)
	at net.minecraft.launchwrapper.Launch.main(Launch.java:28)

8.1.1 25-08-2025 02:10:38 Exception while handling key presses:
8.1.1 25-08-2025 02:10:38 java.lang.IndexOutOfBoundsException
	at java.nio.Buffer.checkIndex(Buffer.java:540)
	at java.nio.DirectByteBuffer.get(DirectByteBuffer.java:253)
	at org.lwjgl.input.Keyboard.isKeyDown(Keyboard.java:407)
	at org.millenaire.client.MillClientUtilities.handleKeyPress(MillClientUtilities.java:382)
	at org.millenaire.client.forge.ClientProxy.handleClientGameUpdate(ClientProxy.java:179)
	at org.millenaire.client.forge.ClientTickHandler.tickStart(ClientTickHandler.java:32)
	at net.minecraftforge.fml.common.eventhandler.ASMEventHandler_1044_ClientTickHandler_tickStart_ClientTickEvent.invoke(.dynamic)
	at net.minecraftforge.fml.common.eventhandler.ASMEventHandler.invoke(ASMEventHandler.java:90)
	at net.minecraftforge.fml.common.eventhandler.EventBus.post(EventBus.java:182)
	at net.minecraftforge.fml.common.FMLCommonHandler.onPreClientTick(FMLCommonHandler.java:344)
	at net.minecraft.client.Minecraft.func_71407_l(Minecraft.java:1708)
	at net.minecraft.client.Minecraft.func_71411_J(Minecraft.java:1098)
	at net.minecraft.client.Minecraft.func_99999_d(Minecraft.java:398)
	at net.minecraft.client.main.Main.main(SourceFile:123)
	at sun.reflect.NativeMethodAccessorImpl.invoke0(Native Method)
	at sun.reflect.NativeMethodAccessorImpl.invoke(NativeMethodAccessorImpl.java:62)
	at sun.reflect.DelegatingMethodAccessorImpl.invoke(DelegatingMethodAccessorImpl.java:43)
	at java.lang.reflect.Method.invoke(Method.java:498)
	at net.minecraft.launchwrapper.Launch.launch(Launch.java:135)
	at net.minecraft.launchwrapper.Launch.main(Launch.java:28)

8.1.1 25-08-2025 02:10:38 Exception while handling key presses:
8.1.1 25-08-2025 02:10:38 java.lang.IndexOutOfBoundsException
	at java.nio.Buffer.checkIndex(Buffer.java:540)
	at java.nio.DirectByteBuffer.get(DirectByteBuffer.java:253)
	at org.lwjgl.input.Keyboard.isKeyDown(Keyboard.java:407)
	at org.millenaire.client.MillClientUtilities.handleKeyPress(MillClientUtilities.java:382)
	at org.millenaire.client.forge.ClientProxy.handleClientGameUpdate(ClientProxy.java:179)
	at org.millenaire.client.forge.ClientTickHandler.tickStart(ClientTickHandler.java:32)
	at net.minecraftforge.fml.common.eventhandler.ASMEventHandler_1044_ClientTickHandler_tickStart_ClientTickEvent.invoke(.dynamic)
	at net.minecraftforge.fml.common.eventhandler.ASMEventHandler.invoke(ASMEventHandler.java:90)
	at net.minecraftforge.fml.common.eventhandler.EventBus.post(EventBus.java:182)
	at net.minecraftforge.fml.common.FMLCommonHandler.onPostClientTick(FMLCommonHandler.java:349)
	at net.minecraft.client.Minecraft.func_71407_l(Minecraft.java:1911)
	at net.minecraft.client.Minecraft.func_71411_J(Minecraft.java:1098)
	at net.minecraft.client.Minecraft.func_99999_d(Minecraft.java:398)
	at net.minecraft.client.main.Main.main(SourceFile:123)
	at sun.reflect.NativeMethodAccessorImpl.invoke0(Native Method)
	at sun.reflect.NativeMethodAccessorImpl.invoke(NativeMethodAccessorImpl.java:62)
	at sun.reflect.DelegatingMethodAccessorImpl.invoke(DelegatingMethodAccessorImpl.java:43)
	at java.lang.reflect.Method.invoke(Method.java:498)
	at net.minecraft.launchwrapper.Launch.launch(Launch.java:135)
	at net.minecraft.launchwrapper.Launch.main(Launch.java:28)

8.1.1 25-08-2025 02:10:38 Exception while handling key presses:
8.1.1 25-08-2025 02:10:38 java.lang.IndexOutOfBoundsException
	at java.nio.Buffer.checkIndex(Buffer.java:540)
	at java.nio.DirectByteBuffer.get(DirectByteBuffer.java:253)
	at org.lwjgl.input.Keyboard.isKeyDown(Keyboard.java:407)
	at org.millenaire.client.MillClientUtilities.handleKeyPress(MillClientUtilities.java:382)
	at org.millenaire.client.forge.ClientProxy.handleClientGameUpdate(ClientProxy.java:179)
	at org.millenaire.client.forge.ClientTickHandler.tickStart(ClientTickHandler.java:32)
	at net.minecraftforge.fml.common.eventhandler.ASMEventHandler_1044_ClientTickHandler_tickStart_ClientTickEvent.invoke(.dynamic)
	at net.minecraftforge.fml.common.eventhandler.ASMEventHandler.invoke(ASMEventHandler.java:90)
	at net.minecraftforge.fml.common.eventhandler.EventBus.post(EventBus.java:182)
	at net.minecraftforge.fml.common.FMLCommonHandler.onPreClientTick(FMLCommonHandler.java:344)
	at net.minecraft.client.Minecraft.func_71407_l(Minecraft.java:1708)
	at net.minecraft.client.Minecraft.func_71411_J(Minecraft.java:1098)
	at net.minecraft.client.Minecraft.func_99999_d(Minecraft.java:398)
	at net.minecraft.client.main.Main.main(SourceFile:123)
	at sun.reflect.NativeMethodAccessorImpl.invoke0(Native Method)
	at sun.reflect.NativeMethodAccessorImpl.invoke(NativeMethodAccessorImpl.java:62)
	at sun.reflect.DelegatingMethodAccessorImpl.invoke(DelegatingMethodAccessorImpl.java:43)
	at java.lang.reflect.Method.invoke(Method.java:498)
	at net.minecraft.launchwrapper.Launch.launch(Launch.java:135)
	at net.minecraft.launchwrapper.Launch.main(Launch.java:28)

8.1.1 25-08-2025 02:11:11 Exception while handling key presses:
8.1.1 25-08-2025 02:11:11 java.lang.IndexOutOfBoundsException
	at java.nio.Buffer.checkIndex(Buffer.java:540)
	at java.nio.DirectByteBuffer.get(DirectByteBuffer.java:253)
	at org.lwjgl.input.Keyboard.isKeyDown(Keyboard.java:407)
	at org.millenaire.client.MillClientUtilities.handleKeyPress(MillClientUtilities.java:382)
	at org.millenaire.client.forge.ClientProxy.handleClientGameUpdate(ClientProxy.java:179)
	at org.millenaire.client.forge.ClientTickHandler.tickStart(ClientTickHandler.java:32)
	at net.minecraftforge.fml.common.eventhandler.ASMEventHandler_1044_ClientTickHandler_tickStart_ClientTickEvent.invoke(.dynamic)
	at net.minecraftforge.fml.common.eventhandler.ASMEventHandler.invoke(ASMEventHandler.java:90)
	at net.minecraftforge.fml.common.eventhandler.EventBus.post(EventBus.java:182)
	at net.minecraftforge.fml.common.FMLCommonHandler.onPreClientTick(FMLCommonHandler.java:344)
	at net.minecraft.client.Minecraft.func_71407_l(Minecraft.java:1708)
	at net.minecraft.client.Minecraft.func_71411_J(Minecraft.java:1098)
	at net.minecraft.client.Minecraft.func_99999_d(Minecraft.java:398)
	at net.minecraft.client.main.Main.main(SourceFile:123)
	at sun.reflect.NativeMethodAccessorImpl.invoke0(Native Method)
	at sun.reflect.NativeMethodAccessorImpl.invoke(NativeMethodAccessorImpl.java:62)
	at sun.reflect.DelegatingMethodAccessorImpl.invoke(DelegatingMethodAccessorImpl.java:43)
	at java.lang.reflect.Method.invoke(Method.java:498)
	at net.minecraft.launchwrapper.Launch.launch(Launch.java:135)
	at net.minecraft.launchwrapper.Launch.main(Launch.java:28)

8.1.1 25-08-2025 02:11:11 Repeat exception x6: Exception while handling key presses: @ java.nio.Buffer.checkIndex(Buffer.java:540)
8.1.1 25-08-2025 02:11:11 Repeat exception x7: Exception while handling key presses: @ java.nio.Buffer.checkIndex(Buffer.java:540)
8.1.1 25-08-2025 02:11:11 Repeat exception x8: Exception while handling key presses: @ java.nio.Buffer.checkIndex(Buffer.java:540)
8.1.1 25-08-2025 02:11:11 Repeat exception x9: Exception while handling key presses: @ java.nio.Buffer.checkIndex(Buffer.java:540)
8.1.1 25-08-2025 02:11:11 Repeat exception x10: Exception while handling key presses: @ java.nio.Buffer.checkIndex(Buffer.java:540)
8.1.1 25-08-2025 02:11:11 Repeat exception x11: Exception while handling key presses: @ java.nio.Buffer.checkIndex(Buffer.java:540)
8.1.1 25-08-2025 02:11:11 Repeat exception x12: Exception while handling key presses: @ java.nio.Buffer.checkIndex(Buffer.java:540)
8.1.1 25-08-2025 02:11:11 Repeat exception x13: Exception while handling key presses: @ java.nio.Buffer.checkIndex(Buffer.java:540)
8.1.1 25-08-2025 02:11:11 Repeat exception x14: Exception while handling key presses: @ java.nio.Buffer.checkIndex(Buffer.java:540)
8.1.1 25-08-2025 02:11:11 Repeat exception x15: Exception while handling key presses: @ java.nio.Buffer.checkIndex(Buffer.java:540)
8.1.1 25-08-2025 02:11:11 Repeat exception x16: Exception while handling key presses: @ java.nio.Buffer.checkIndex(Buffer.java:540)
8.1.1 25-08-2025 02:11:12 Repeat exception x17: Exception while handling key presses: @ java.nio.Buffer.checkIndex(Buffer.java:540)
8.1.1 25-08-2025 02:11:12 Repeat exception x18: Exception while handling key presses: @ java.nio.Buffer.checkIndex(Buffer.java:540)
8.1.1 25-08-2025 02:11:12 Repeat exception x19: Exception while handling key presses: @ java.nio.Buffer.checkIndex(Buffer.java:540)
8.1.1 25-08-2025 02:11:12 Repeat exception x20: Exception while handling key presses: @ java.nio.Buffer.checkIndex(Buffer.java:540). This error will no longer be logged in this session.
8.1.1 27-08-2025 21:16:01 Starting new session. Mods: examplemod 
8.1.1 27-08-2025 21:16:50 MAJOR: null: Loading language: es_es
8.1.1 27-08-2025 21:16:51 MAJOR: null: LanguageData loaded: es_es. Wand invitem name: Varita de Invocación
8.1.1 27-08-2025 23:21:15 Starting new session. Mods: examplemod 
8.1.1 27-08-2025 23:22:04 MAJOR: null: Loading language: es_es
8.1.1 27-08-2025 23:22:04 MAJOR: null: LanguageData loaded: es_es. Wand invitem name: Varita de Invocación
8.1.1 27-08-2025 23:33:02 Starting new session. Mods: examplemod 
8.1.1 27-08-2025 23:33:53 MAJOR: null: Loading language: es_es
8.1.1 27-08-2025 23:33:53 MAJOR: null: LanguageData loaded: es_es. Wand invitem name: Varita de Invocación
8.1.1 03-09-2025 22:49:31 Starting new session. Mods: examplemod 
8.1.1 03-09-2025 22:50:20 MAJOR: null: Loading language: es_es
8.1.1 03-09-2025 22:50:24 MAJOR: null: LanguageData loaded: es_es. Wand invitem name: Varita de Invocación
8.1.1 10-09-2025 21:23:51 Starting new session. Mods: examplemod 
8.1.1 10-09-2025 21:24:41 MAJOR: null: Loading language: es_es
8.1.1 10-09-2025 21:24:43 MAJOR: null: LanguageData loaded: es_es. Wand invitem name: Varita de Invocación
